Component: ARM Compiler 5.06 update 6 (build 750) Tool: armlink [4d35ed]

==============================================================================

Section Cross References

    startup_stm32g431xx.o(RESET) refers to startup_stm32g431xx.o(STACK) for __initial_sp
    startup_stm32g431xx.o(RESET) refers to startup_stm32g431xx.o(.text) for Reset_Handler
    startup_stm32g431xx.o(RESET) refers to stm32g4xx_mc_it.o(i.HardFault_Handler) for HardFault_Handler
    startup_stm32g431xx.o(RESET) refers to stm32g4xx_mc_it.o(i.SysTick_Handler) for SysTick_Handler
    startup_stm32g431xx.o(RESET) refers to stm32g4xx_mc_it.o(i.ADC1_2_IRQHandler) for ADC1_2_IRQHandler
    startup_stm32g431xx.o(RESET) refers to stm32g4xx_mc_it.o(i.TIM1_BRK_TIM15_IRQHandler) for TIM1_BRK_TIM15_IRQHandler
    startup_stm32g431xx.o(RESET) refers to stm32g4xx_mc_it.o(i.TIM1_UP_TIM16_IRQHandler) for TIM1_UP_TIM16_IRQHandler
    startup_stm32g431xx.o(RESET) refers to stm32g4xx_mc_it.o(i.USART2_IRQHandler) for USART2_IRQHandler
    startup_stm32g431xx.o(RESET) refers to stm32g4xx_mc_it.o(i.EXTI15_10_IRQHandler) for EXTI15_10_IRQHandler
    startup_stm32g431xx.o(.text) refers to system_stm32g4xx.o(i.SystemInit) for SystemInit
    startup_stm32g431xx.o(.text) refers to entry.o(.ARM.Collect$$$$00000000) for __main
    main.o(i.SystemClock_Config) refers to memseta.o(.text) for __aeabi_memclr4
    main.o(i.SystemClock_Config) refers to stm32g4xx_hal_pwr_ex.o(i.HAL_PWREx_ControlVoltageScaling) for HAL_PWREx_ControlVoltageScaling
    main.o(i.SystemClock_Config) refers to stm32g4xx_hal_rcc.o(i.HAL_RCC_OscConfig) for HAL_RCC_OscConfig
    main.o(i.SystemClock_Config) refers to stm32g4xx_hal_rcc.o(i.HAL_RCC_ClockConfig) for HAL_RCC_ClockConfig
    main.o(i.SystemClock_Config) refers to stm32g4xx_hal_rcc_ex.o(i.HAL_RCCEx_PeriphCLKConfig) for HAL_RCCEx_PeriphCLKConfig
    main.o(i.SystemClock_Config) refers to stm32g4xx_hal_rcc.o(i.HAL_RCC_EnableCSS) for HAL_RCC_EnableCSS
    main.o(i.main) refers to stm32g4xx_hal.o(i.HAL_Init) for HAL_Init
    main.o(i.main) refers to main.o(i.SystemClock_Config) for SystemClock_Config
    main.o(i.main) refers to stm32g4xx_hal_gpio.o(i.HAL_GPIO_WritePin) for HAL_GPIO_WritePin
    main.o(i.main) refers to stm32g4xx_hal_gpio.o(i.HAL_GPIO_Init) for HAL_GPIO_Init
    main.o(i.main) refers to stm32g4xx_hal_adc.o(i.HAL_ADC_Init) for HAL_ADC_Init
    main.o(i.main) refers to stm32g4xx_hal_adc_ex.o(i.HAL_ADCEx_MultiModeConfigChannel) for HAL_ADCEx_MultiModeConfigChannel
    main.o(i.main) refers to stm32g4xx_hal_adc_ex.o(i.HAL_ADCEx_InjectedConfigChannel) for HAL_ADCEx_InjectedConfigChannel
    main.o(i.main) refers to stm32g4xx_hal_adc.o(i.HAL_ADC_ConfigChannel) for HAL_ADC_ConfigChannel
    main.o(i.main) refers to stm32g4xx_hal_cordic.o(i.HAL_CORDIC_Init) for HAL_CORDIC_Init
    main.o(i.main) refers to stm32g4xx_hal_dac.o(i.HAL_DAC_Init) for HAL_DAC_Init
    main.o(i.main) refers to stm32g4xx_hal_dac.o(i.HAL_DAC_ConfigChannel) for HAL_DAC_ConfigChannel
    main.o(i.main) refers to stm32g4xx_hal_tim.o(i.HAL_TIM_Base_Init) for HAL_TIM_Base_Init
    main.o(i.main) refers to stm32g4xx_hal_tim.o(i.HAL_TIM_PWM_Init) for HAL_TIM_PWM_Init
    main.o(i.main) refers to stm32g4xx_hal_tim.o(i.HAL_TIM_SlaveConfigSynchro) for HAL_TIM_SlaveConfigSynchro
    main.o(i.main) refers to stm32g4xx_hal_tim_ex.o(i.HAL_TIMEx_MasterConfigSynchronization) for HAL_TIMEx_MasterConfigSynchronization
    main.o(i.main) refers to stm32g4xx_hal_tim_ex.o(i.HAL_TIMEx_ConfigBreakInput) for HAL_TIMEx_ConfigBreakInput
    main.o(i.main) refers to stm32g4xx_hal_tim.o(i.HAL_TIM_PWM_ConfigChannel) for HAL_TIM_PWM_ConfigChannel
    main.o(i.main) refers to stm32g4xx_hal_tim_ex.o(i.HAL_TIMEx_ConfigBreakDeadTime) for HAL_TIMEx_ConfigBreakDeadTime
    main.o(i.main) refers to main.o(.bss) for .bss
    main.o(i.main) refers to stm32g4xx_hal_msp.o(i.HAL_TIM_MspPostInit) for HAL_TIM_MspPostInit
    main.o(i.main) refers to stm32g4xx_hal_uart.o(i.HAL_UART_Init) for HAL_UART_Init
    main.o(i.main) refers to stm32g4xx_hal_uart_ex.o(i.HAL_UARTEx_SetTxFifoThreshold) for HAL_UARTEx_SetTxFifoThreshold
    main.o(i.main) refers to stm32g4xx_hal_uart_ex.o(i.HAL_UARTEx_SetRxFifoThreshold) for HAL_UARTEx_SetRxFifoThreshold
    main.o(i.main) refers to stm32g4xx_hal_uart_ex.o(i.HAL_UARTEx_DisableFifoMode) for HAL_UARTEx_DisableFifoMode
    main.o(i.main) refers to motorcontrol.o(i.MX_MotorControl_Init) for MX_MotorControl_Init
    main.o(i.main) refers to stm32g4xx_hal_cortex.o(i.HAL_NVIC_SetPriority) for HAL_NVIC_SetPriority
    main.o(i.main) refers to stm32g4xx_hal_cortex.o(i.HAL_NVIC_EnableIRQ) for HAL_NVIC_EnableIRQ
    main.o(i.main) refers to mc_api.o(i.MC_ProgramSpeedRampMotor1) for MC_ProgramSpeedRampMotor1
    main.o(i.main) refers to mc_api.o(i.MC_StartMotor1) for MC_StartMotor1
    motorcontrol.o(i.MX_MotorControl_Init) refers to stm32g4xx_hal_rcc.o(i.HAL_RCC_GetHCLKFreq) for HAL_RCC_GetHCLKFreq
[...]
    CRS_IRQHandler                           0x0800044b   Thumb Code     0  startup_stm32g431xx.o(.text)
    DMA1_Channel1_IRQHandler                 0x0800044b   Thumb Code     0  startup_stm32g431xx.o(.text)
    DMA1_Channel2_IRQHandler                 0x0800044b   Thumb Code     0  startup_stm32g431xx.o(.text)
    DMA1_Channel3_IRQHandler                 0x0800044b   Thumb Code     0  startup_stm32g431xx.o(.text)
    DMA1_Channel4_IRQHandler                 0x0800044b   Thumb Code     0  startup_stm32g431xx.o(.text)
    DMA1_Channel5_IRQHandler                 0x0800044b   Thumb Code     0  startup_stm32g431xx.o(.text)
    DMA1_Channel6_IRQHandler                 0x0800044b   Thumb Code     0  startup_stm32g431xx.o(.text)
    DMA2_Channel1_IRQHandler                 0x0800044b   Thumb Code     0  startup_stm32g431xx.o(.text)
    DMA2_Channel2_IRQHandler                 0x0800044b   Thumb Code     0  startup_stm32g431xx.o(.text)
    DMA2_Channel3_IRQHandler                 0x0800044b   Thumb Code     0  startup_stm32g431xx.o(.text)
    DMA2_Channel4_IRQHandler                 0x0800044b   Thumb Code     0  startup_stm32g431xx.o(.text)
    DMA2_Channel5_IRQHandler                 0x0800044b   Thumb Code     0  startup_stm32g431xx.o(.text)
    DMA2_Channel6_IRQHandler                 0x0800044b   Thumb Code     0  startup_stm32g431xx.o(.text)
    DMAMUX_OVR_IRQHandler                    0x0800044b   Thumb Code     0  startup_stm32g431xx.o(.text)
    EXTI0_IRQHandler                         0x0800044b   Thumb Code     0  startup_stm32g431xx.o(.text)
    EXTI1_IRQHandler                         0x0800044b   Thumb Code     0  startup_stm32g431xx.o(.text)
    EXTI2_IRQHandler                         0x0800044b   Thumb Code     0  startup_stm32g431xx.o(.text)
    EXTI3_IRQHandler                         0x0800044b   Thumb Code     0  startup_stm32g431xx.o(.text)
    EXTI4_IRQHandler                         0x0800044b   Thumb Code     0  startup_stm32g431xx.o(.text)
    EXTI9_5_IRQHandler                       0x0800044b   Thumb Code     0  startup_stm32g431xx.o(.text)
    FDCAN1_IT0_IRQHandler                    0x0800044b   Thumb Code     0  startup_stm32g431xx.o(.text)
    FDCAN1_IT1_IRQHandler                    0x0800044b   Thumb Code     0  startup_stm32g431xx.o(.text)
    FLASH_IRQHandler                         0x0800044b   Thumb Code     0  startup_stm32g431xx.o(.text)
    FMAC_IRQHandler                          0x0800044b   Thumb Code     0  startup_stm32g431xx.o(.text)
    FPU_IRQHandler                           0x0800044b   Thumb Code     0  startup_stm32g431xx.o(.text)
    I2C1_ER_IRQHandler                       0x0800044b   Thumb Code     0  startup_stm32g431xx.o(.text)
    I2C1_EV_IRQHandler                       0x0800044b   Thumb Code     0  startup_stm32g431xx.o(.text)
    I2C2_ER_IRQHandler                       0x0800044b   Thumb Code     0  startup_stm32g431xx.o(.text)
    I2C2_EV_IRQHandler                       0x0800044b   Thumb Code     0  startup_stm32g431xx.o(.text)
    I2C3_ER_IRQHandler                       0x0800044b   Thumb Code     0  startup_stm32g431xx.o(.text)
    I2C3_EV_IRQHandler                       0x0800044b   Thumb Code     0  startup_stm32g431xx.o(.text)
    LPTIM1_IRQHandler                        0x0800044b   Thumb Code     0  startup_stm32g431xx.o(.text)
    LPUART1_IRQHandler                       0x0800044b   Thumb Code     0  startup_stm32g431xx.o(.text)
    PVD_PVM_IRQHandler                       0x0800044b   Thumb Code     0  startup_stm32g431xx.o(.text)
    RCC_IRQHandler                           0x0800044b   Thumb Code     0  startup_stm32g431xx.o(.text)
    RNG_IRQHandler                           0x0800044b   Thumb Code     0  startup_stm32g431xx.o(.text)
    RTC_Alarm_IRQHandler                     0x0800044b   Thumb Code     0  startup_stm32g431xx.o(.text)
    RTC_TAMP_LSECSS_IRQHandler               0x0800044b   Thumb Code     0  startup_stm32g431xx.o(.text)
    RTC_WKUP_IRQHandler                      0x0800044b   Thumb Code     0  startup_stm32g431xx.o(.text)
    SAI1_IRQHandler                          0x0800044b   Thumb Code     0  startup_stm32g431xx.o(.text)
    SPI1_IRQHandler                          0x0800044b   Thumb Code     0  startup_stm32g431xx.o(.text)
    SPI2_IRQHandler                          0x0800044b   Thumb Code     0  startup_stm32g431xx.o(.text)
    SPI3_IRQHandler                          0x0800044b   Thumb Code     0  startup_stm32g431xx.o(.text)
    TIM1_CC_IRQHandler                       0x0800044b   Thumb Code     0  startup_stm32g431xx.o(.text)
    TIM1_TRG_COM_TIM17_IRQHandler            0x0800044b   Thumb Code     0  startup_stm32g431xx.o(.text)
    TIM2_IRQHandler                          0x0800044b   Thumb Code     0  startup_stm32g431xx.o(.text)
    TIM3_IRQHandler                          0x0800044b   Thumb Code     0  startup_stm32g431xx.o(.text)
    TIM4_IRQHandler                          0x0800044b   Thumb Code     0  startup_stm32g431xx.o(.text)
    TIM6_DAC_IRQHandler                      0x0800044b   Thumb Code     0  startup_stm32g431xx.o(.text)
    TIM7_IRQHandler                          0x0800044b   Thumb Code     0  startup_stm32g431xx.o(.text)
    TIM8_BRK_IRQHandler                      0x0800044b   Thumb Code     0  startup_stm32g431xx.o(.text)
    TIM8_CC_IRQHandler                       0x0800044b   Thumb Code     0  startup_stm32g431xx.o(.text)
    TIM8_TRG_COM_IRQHandler                  0x0800044b   Thumb Code     0  startup_stm32g431xx.o(.text)
    TIM8_UP_IRQHandler                       0x0800044b   Thumb Code     0  startup_stm32g431xx.o(.text)
    UART4_IRQHandler                         0x0800044b   Thumb Code     0  startup_stm32g431xx.o(.text)
    UCPD1_IRQHandler                         0x0800044b   Thumb Code     0  startup_stm32g431xx.o(.text)
    USART1_IRQHandler                        0x0800044b   Thumb Code     0  startup_stm32g431xx.o(.text)
    USART3_IRQHandler                        0x0800044b   Thumb Code     0  startup_stm32g431xx.o(.text)
    USBWakeUp_IRQHandler                     0x0800044b   Thumb Code     0  startup_stm32g431xx.o(.text)
    USB_HP_IRQHandler                        0x0800044b   Thumb Code     0  startup_stm32g431xx.o(.text)
    USB_LP_IRQHandler                        0x0800044b   Thumb Code     0  startup_stm32g431xx.o(.text)
    WWDG_IRQHandler                          0x0800044b   Thumb Code     0  startup_stm32g431xx.o(.text)
    RUC_Init                                 0x08000455   Thumb Code    86  revup_ctrl.o(.text)
    RUC_Clear                                0x080004ab   Thumb Code   136  revup_ctrl.o(.text)
    RUC_OTF_Exec                             0x08000533   Thumb Code   514  revup_ctrl.o(.text)
    RUC_Exec                                 0x08000735   Thumb Code   106  revup_ctrl.o(.text)
    RUC_Completed                            0x0800079f   Thumb Code    14  revup_ctrl.o(.text)
    RUC_Stop                                 0x080007ad   Thumb Code    30  revup_ctrl.o(.text)
    RUC_SetPhaseDurationms                   0x080007cb   Thumb Code    12  revup_ctrl.o(.text)
    RUC_SetPhaseFinalMecSpeedUnit            0x080007d7   Thumb Code    12  revup_ctrl.o(.text)
    RUC_SetPhaseFinalTorque                  0x080007e3   Thumb Code    12  revup_ctrl.o(.text)
    RUC_GetPhaseDurationms                   0x080007ef   Thumb Code    12  revup_ctrl.o(.text)
    RUC_GetPhaseFinalMecSpeedUnit            0x080007fb   Thumb Code    14  revup_ctrl.o(.text)
    RUC_GetPhaseFinalTorque                  0x08000809   Thumb Code    14  revup_ctrl.o(.text)
    RUC_GetNumberOfPhases                    0x08000817   Thumb Code     6  revup_ctrl.o(.text)
    RUC_Get_SCLowsideOTF_Status              0x0800081d   Thumb Code     6  revup_ctrl.o(.text)
    STO_PLL_Clear                            0x08000825   Thumb Code   124  sto_pll_speed_pos_fdbk.o(.text)
    STO_PLL_Init                             0x080008a1   Thumb Code    90  sto_pll_speed_pos_fdbk.o(.text)
    STO_PLL_Return                           0x080008fb   Thumb Code     2  sto_pll_speed_pos_fdbk.o(.text)
    STO_PLL_CalcAvrgMecSpeedUnit             0x080008fd   Thumb Code   318  sto_pll_speed_pos_fdbk.o(.text)
    STO_PLL_IsObserverConverged              0x08000a3b   Thumb Code   162  sto_pll_speed_pos_fdbk.o(.text)
    STO_PLL_GetEstimatedBemf                 0x08000add   Thumb Code    20  sto_pll_speed_pos_fdbk.o(.text)
    STO_PLL_GetEstimatedCurrent              0x08000af1   Thumb Code    24  sto_pll_speed_pos_fdbk.o(.text)
    STO_PLL_GetObserverGains                 0x08000b09   Thumb Code    10  sto_pll_speed_pos_fdbk.o(.text)
    STO_PLL_SetObserverGains                 0x08000b13   Thumb Code     6  sto_pll_speed_pos_fdbk.o(.text)
    STO_GetPLLGains                          0x08000b19   Thumb Code    28  sto_pll_speed_pos_fdbk.o(.text)
    STO_SetPLLGains                          0x08000b35   Thumb Code    26  sto_pll_speed_pos_fdbk.o(.text)
    STO_PLL_SetMecAngle                      0x08000b4f   Thumb Code     2  sto_pll_speed_pos_fdbk.o(.text)
    STO_OTF_ResetPLL                         0x08000b51   Thumb Code    10  sto_pll_speed_pos_fdbk.o(.text)
    STO_SetPLL                               0x08000b5b   Thumb Code    30  sto_pll_speed_pos_fdbk.o(.text)
    STO_PLL_GetEstimatedBemfLevel            0x08000b79   Thumb Code     6  sto_pll_speed_pos_fdbk.o(.text)
    STO_PLL_GetObservedBemfLevel             0x08000b7f   Thumb Code     6  sto_pll_speed_pos_fdbk.o(.text)
    STO_PLL_BemfConsistencyCheckSwitch       0x08000b85   Thumb Code     6  sto_pll_speed_pos_fdbk.o(.text)
    STO_PLL_IsBemfConsistent                 0x08000b8b   Thumb Code     6  sto_pll_speed_pos_fdbk.o(.text)
    STO_PLL_IsVarianceTight                  0x08000b91   Thumb Code     8  sto_pll_speed_pos_fdbk.o(.text)
    STO_PLL_ForceConvergency1                0x08000b99   Thumb Code    10  sto_pll_speed_pos_fdbk.o(.text)
    STO_PLL_ForceConvergency2                0x08000ba3   Thumb Code    10  sto_pll_speed_pos_fdbk.o(.text)
    STO_SetMinStartUpValidSpeedUnit          0x08000bad   Thumb Code     6  sto_pll_speed_pos_fdbk.o(.text)
    STO_SetDirection                         0x08000bb3   Thumb Code     6  sto_pll_speed_pos_fdbk.o(.text)
    __aeabi_uldivmod                         0x08000bbd   Thumb Code    98  uldiv.o(.text)
    __aeabi_memset                           0x08000c1f   Thumb Code    14  memseta.o(.text)
    __aeabi_memset4                          0x08000c1f   Thumb Code     0  memseta.o(.text)
    __aeabi_memset8                          0x08000c1f   Thumb Code     0  memseta.o(.text)
    __aeabi_memclr                           0x08000c2d   Thumb Code     4  memseta.o(.text)
    __aeabi_memclr4                          0x08000c2d   Thumb Code     0  memseta.o(.text)
    __aeabi_memclr8                          0x08000c2d   Thumb Code     0  memseta.o(.text)
    _memset$wrapper                          0x08000c31   Thumb Code    18  memseta.o(.text)
    __aeabi_llsl                             0x08000c43   Thumb Code    30  llshl.o(.text)
    _ll_shift_l                              0x08000c43   Thumb Code     0  llshl.o(.text)
    __aeabi_llsr                             0x08000c61   Thumb Code    32  llushr.o(.text)
    _ll_ushift_r                             0x08000c61   Thumb Code     0  llushr.o(.text)
    __scatterload                            0x08000c81   Thumb Code    28  init.o(.text)
    __scatterload_rt2                        0x08000c81   Thumb Code     0  init.o(.text)
    __decompress                             0x08000ca5   Thumb Code     0  __dczerorl2.o(.text)
    __decompress1                            0x08000ca5   Thumb Code    86  __dczerorl2.o(.text)
    ADC1_2_IRQHandler                        0x08000cfb   Thumb Code    22  stm32g4xx_mc_it.o(i.ADC1_2_IRQHandler)
    Circle_Limitation                        0x08000d11   Thumb Code    86  circle_limitation.o(i.Circle_Limitation)
    DAC_Exec                                 0x08000d69   Thumb Code    42  dac_ui.o(i.DAC_Exec)
    DAC_GetChannelConfig                     0x08000d9d   Thumb Code     8  dac_common_ui.o(i.DAC_GetChannelConfig)
    DAC_GetUserChannelValue                  0x08000da5   Thumb Code    10  dac_common_ui.o(i.DAC_GetUserChannelValue)
    DAC_Init                                 0x08000db1   Thumb Code    12  dac_ui.o(i.DAC_Init)
    DAC_SetChannelConfig                     0x08000dc1   Thumb Code     8  dac_common_ui.o(i.DAC_SetChannelConfig)
    DAC_SetUserChannelValue                  0x08000dc9   Thumb Code     8  dac_common_ui.o(i.DAC_SetUserChannelValue)
    EXTI15_10_IRQHandler                     0x08000dd1   Thumb Code    22  stm32g4xx_mc_it.o(i.EXTI15_10_IRQHandler)
    FCP_CalcCRC                              0x08000ded   Thumb Code    46  frame_communication_protocol.o(i.FCP_CalcCRC)
    FCP_Init                                 0x08000e1b   Thumb Code    42  frame_communication_protocol.o(i.FCP_Init)
    FCP_SetClient                            0x08000e45   Thumb Code    14  frame_communication_protocol.o(i.FCP_SetClient)
    FOC_CalcCurrRef                          0x08000e55   Thumb Code    42  mc_tasks.o(i.FOC_CalcCurrRef)
    FOC_Clear                                0x08000e89   Thumb Code    86  mc_tasks.o(i.FOC_Clear)
    FOC_InitAdditionalMethods                0x08000ef5   Thumb Code     2  mc_tasks.o(i.FOC_InitAdditionalMethods)
    HAL_ADCEx_InjectedConfigChannel          0x08000ef9   Thumb Code  1488  stm32g4xx_hal_adc_ex.o(i.HAL_ADCEx_InjectedConfigChannel)
    HAL_ADCEx_MultiModeConfigChannel         0x080014e5   Thumb Code   216  stm32g4xx_hal_adc_ex.o(i.HAL_ADCEx_MultiModeConfigChannel)
    HAL_ADC_ConfigChannel                    0x080015c5   Thumb Code  1196  stm32g4xx_hal_adc.o(i.HAL_ADC_ConfigChannel)
    HAL_ADC_Init                             0x08001a95   Thumb Code   550  stm32g4xx_hal_adc.o(i.HAL_ADC_Init)
    HAL_ADC_MspInit                          0x08001cd1   Thumb Code   266  stm32g4xx_hal_msp.o(i.HAL_ADC_MspInit)
    HAL_CORDIC_Init                          0x08001ded   Thumb Code    52  stm32g4xx_hal_cordic.o(i.HAL_CORDIC_Init)
    HAL_CORDIC_MspInit                       0x08001e21   Thumb Code    40  stm32g4xx_hal_msp.o(i.HAL_CORDIC_MspInit)
    HAL_DAC_ConfigChannel                    0x08001e4d   Thumb Code   462  stm32g4xx_hal_dac.o(i.HAL_DAC_ConfigChannel)
    HAL_DAC_Init                             0x08002025   Thumb Code    40  stm32g4xx_hal_dac.o(i.HAL_DAC_Init)
    HAL_DAC_MspInit                          0x0800204d   Thumb Code    88  stm32g4xx_hal_msp.o(i.HAL_DAC_MspInit)
    HAL_Delay                                0x080020a9   Thumb Code    34  stm32g4xx_hal.o(i.HAL_Delay)
    HAL_GPIO_Init                            0x080020d1   Thumb Code   556  stm32g4xx_hal_gpio.o(i.HAL_GPIO_Init)
    HAL_GPIO_WritePin                        0x08002311   Thumb Code    10  stm32g4xx_hal_gpio.o(i.HAL_GPIO_WritePin)
    HAL_GetTick                              0x0800231d   Thumb Code     6  stm32g4xx_hal.o(i.HAL_GetTick)
    HAL_IncTick                              0x08002329   Thumb Code    12  stm32g4xx_hal.o(i.HAL_IncTick)
    HAL_Init                                 0x08002339   Thumb Code    30  stm32g4xx_hal.o(i.HAL_Init)
    HAL_InitTick                             0x08002359   Thumb Code    58  stm32g4xx_hal.o(i.HAL_InitTick)
    HAL_MspInit                              0x0800239d   Thumb Code    50  stm32g4xx_hal_msp.o(i.HAL_MspInit)
    HAL_NVIC_EnableIRQ                       0x080023d5   Thumb Code    30  stm32g4xx_hal_cortex.o(i.HAL_NVIC_EnableIRQ)
    HAL_NVIC_SetPriority                     0x080023f5   Thumb Code    96  stm32g4xx_hal_cortex.o(i.HAL_NVIC_SetPriority)
    HAL_NVIC_SetPriorityGrouping             0x08002459   Thumb Code    30  stm32g4xx_hal_cortex.o(i.HAL_NVIC_SetPriorityGrouping)
    HAL_PWREx_ControlVoltageScaling          0x0800247d   Thumb Code   180  stm32g4xx_hal_pwr_ex.o(i.HAL_PWREx_ControlVoltageScaling)
    HAL_PWREx_DisableUCPDDeadBattery         0x0800253d   Thumb Code    12  stm32g4xx_hal_pwr_ex.o(i.HAL_PWREx_DisableUCPDDeadBattery)
    HAL_RCCEx_PeriphCLKConfig                0x0800254d   Thumb Code   700  stm32g4xx_hal_rcc_ex.o(i.HAL_RCCEx_PeriphCLKConfig)
    HAL_RCC_ClockConfig                      0x08002811   Thumb Code   488  stm32g4xx_hal_rcc.o(i.HAL_RCC_ClockConfig)
    HAL_RCC_EnableCSS                        0x08002a19   Thumb Code    12  stm32g4xx_hal_rcc.o(i.HAL_RCC_EnableCSS)
    HAL_RCC_GetHCLKFreq                      0x08002a29   Thumb Code     6  stm32g4xx_hal_rcc.o(i.HAL_RCC_GetHCLKFreq)
    HAL_RCC_GetPCLK1Freq                     0x08002a35   Thumb Code    24  stm32g4xx_hal_rcc.o(i.HAL_RCC_GetPCLK1Freq)
    HAL_RCC_GetPCLK2Freq                     0x08002a59   Thumb Code    24  stm32g4xx_hal_rcc.o(i.HAL_RCC_GetPCLK2Freq)
    HAL_RCC_GetSysClockFreq                  0x08002a7d   Thumb Code   100  stm32g4xx_hal_rcc.o(i.HAL_RCC_GetSysClockFreq)
    HAL_RCC_OscConfig                        0x08002aed   Thumb Code  1226  stm32g4xx_hal_rcc.o(i.HAL_RCC_OscConfig)
    HAL_SYSTICK_Callback                     0x08002fb7   Thumb Code     2  stm32g4xx_hal_cortex.o(i.HAL_SYSTICK_Callback)
    HAL_SYSTICK_Config                       0x08002fb9   Thumb Code    38  stm32g4xx_hal_cortex.o(i.HAL_SYSTICK_Config)
    HAL_SYSTICK_IRQHandler                   0x08002fe5   Thumb Code     8  stm32g4xx_hal_cortex.o(i.HAL_SYSTICK_IRQHandler)
    HAL_TIMEx_ConfigBreakDeadTime            0x08002fed   Thumb Code   178  stm32g4xx_hal_tim_ex.o(i.HAL_TIMEx_ConfigBreakDeadTime)
    HAL_TIMEx_ConfigBreakInput               0x080030a9   Thumb Code   220  stm32g4xx_hal_tim_ex.o(i.HAL_TIMEx_ConfigBreakInput)
    HAL_TIMEx_MasterConfigSynchronization    0x08003185   Thumb Code   144  stm32g4xx_hal_tim_ex.o(i.HAL_TIMEx_MasterConfigSynchronization)
    HAL_TIM_Base_Init                        0x0800321d   Thumb Code    98  stm32g4xx_hal_tim.o(i.HAL_TIM_Base_Init)
    HAL_TIM_Base_MspInit                     0x08003281   Thumb Code    98  stm32g4xx_hal_msp.o(i.HAL_TIM_Base_MspInit)
    HAL_TIM_MspPostInit                      0x080032e9   Thumb Code    82  stm32g4xx_hal_msp.o(i.HAL_TIM_MspPostInit)
    HAL_TIM_PWM_ConfigChannel                0x08003341   Thumb Code   848  stm32g4xx_hal_tim.o(i.HAL_TIM_PWM_ConfigChannel)
    HAL_TIM_PWM_Init                         0x080036a5   Thumb Code    98  stm32g4xx_hal_tim.o(i.HAL_TIM_PWM_Init)
    HAL_TIM_PWM_MspInit                      0x08003707   Thumb Code     2  stm32g4xx_hal_tim.o(i.HAL_TIM_PWM_MspInit)
    HAL_TIM_SlaveConfigSynchro               0x08003709   Thumb Code    86  stm32g4xx_hal_tim.o(i.HAL_TIM_SlaveConfigSynchro)
    HAL_UARTEx_DisableFifoMode               0x0800375f   Thumb Code    62  stm32g4xx_hal_uart_ex.o(i.HAL_UARTEx_DisableFifoMode)
    HAL_UARTEx_EnableFifoMode                0x0800379d   Thumb Code   166  stm32g4xx_hal_uart_ex.o(i.HAL_UARTEx_EnableFifoMode)
    HAL_UARTEx_SetRxFifoThreshold            0x08003855   Thumb Code   162  stm32g4xx_hal_uart_ex.o(i.HAL_UARTEx_SetRxFifoThreshold)
    HAL_UARTEx_SetTxFifoThreshold            0x08003901   Thumb Code   162  stm32g4xx_hal_uart_ex.o(i.HAL_UARTEx_SetTxFifoThreshold)
    HAL_UART_Init                            0x080039ad   Thumb Code   110  stm32g4xx_hal_uart.o(i.HAL_UART_Init)
    HAL_UART_MspInit                         0x08003a1d   Thumb Code    92  stm32g4xx_hal_msp.o(i.HAL_UART_MspInit)
    HardFault_Handler                        0x08003a7d   Thumb Code    98  stm32g4xx_mc_it.o(i.HardFault_Handler)
    MCI_Clear_Iqdref                         0x08003bd9   Thumb Code    16  mc_interface.o(i.MCI_Clear_Iqdref)
    MCI_EncoderAlign                         0x08003be9   Thumb Code     8  mc_interface.o(i.MCI_EncoderAlign)
    MCI_ExecBufferedCommands                 0x08003bf1   Thumb Code   120  mc_interface.o(i.MCI_ExecBufferedCommands)
    MCI_ExecSpeedRamp                        0x08003c69   Thumb Code    14  mc_interface.o(i.MCI_ExecSpeedRamp)
    MCI_ExecTorqueRamp                       0x08003c77   Thumb Code    18  mc_interface.o(i.MCI_ExecTorqueRamp)
    MCI_FaultAcknowledged                    0x08003c89   Thumb Code     6  mc_interface.o(i.MCI_FaultAcknowledged)
    MCI_GetAvrgMecSpeedUnit                  0x08003c8f   Thumb Code    16  mc_interface.o(i.MCI_GetAvrgMecSpeedUnit)
    MCI_GetControlMode                       0x08003c9f   Thumb Code     4  mc_interface.o(i.MCI_GetControlMode)
    MCI_GetIab                               0x08003ca3   Thumb Code     6  mc_interface.o(i.MCI_GetIab)
    MCI_GetIalphabeta                        0x08003ca9   Thumb Code     6  mc_interface.o(i.MCI_GetIalphabeta)
    MCI_GetImposedMotorDirection             0x08003caf   Thumb Code    54  mc_interface.o(i.MCI_GetImposedMotorDirection)
    MCI_GetIqd                               0x08003ce5   Thumb Code     6  mc_interface.o(i.MCI_GetIqd)
    MCI_GetIqdref                            0x08003ceb   Thumb Code     6  mc_interface.o(i.MCI_GetIqdref)
    MCI_GetLastRampFinalSpeed                0x08003cf1   Thumb Code    16  mc_interface.o(i.MCI_GetLastRampFinalSpeed)
    MCI_GetMecSpeedRefUnit                   0x08003d01   Thumb Code     6  mc_interface.o(i.MCI_GetMecSpeedRefUnit)
    MCI_GetSTMState                          0x08003d07   Thumb Code     6  mc_interface.o(i.MCI_GetSTMState)
    MCI_GetTeref                             0x08003d0d   Thumb Code     8  mc_interface.o(i.MCI_GetTeref)
    MCI_GetValphabeta                        0x08003d15   Thumb Code     8  mc_interface.o(i.MCI_GetValphabeta)
    MCI_GetVqd                               0x08003d1d   Thumb Code     8  mc_interface.o(i.MCI_GetVqd)
    MCI_Init                                 0x08003d25   Thumb Code    20  mc_interface.o(i.MCI_Init)
    MCI_SetCurrentReferences                 0x08003d39   Thumb Code    20  mc_interface.o(i.MCI_SetCurrentReferences)
    MCI_SetIdref                             0x08003d4d   Thumb Code    10  mc_interface.o(i.MCI_SetIdref)
    MCI_StartMotor                           0x08003d57   Thumb Code    22  mc_interface.o(i.MCI_StartMotor)
    MCI_StopMotor                            0x08003d6d   Thumb Code     8  mc_interface.o(i.MCI_StopMotor)
    MCI_StopRamp                             0x08003d75   Thumb Code     6  mc_interface.o(i.MCI_StopRamp)
    MCM_Clarke                               0x08003d7d   Thumb Code    72  mc_math.o(i.MCM_Clarke)
    MCM_Park                                 0x08003dc9   Thumb Code   122  mc_math.o(i.MCM_Park)
    MCM_Rev_Park                             0x08003e4d   Thumb Code    54  mc_math.o(i.MCM_Rev_Park)
    MCM_Trig_Functions                       0x08003e85   Thumb Code    16  mc_math.o(i.MCM_Trig_Functions)
    MCP_Init                                 0x08003e9d   Thumb Code    54  motor_control_protocol.o(i.MCP_Init)
    MCP_OnTimeOut                            0x08003ee1   Thumb Code     8  motor_control_protocol.o(i.MCP_OnTimeOut)
    MCP_ReceivedFrame                        0x08003ee9   Thumb Code  1790  motor_control_protocol.o(i.MCP_ReceivedFrame)
    MCP_SentFrame                            0x080045f5   Thumb Code     8  motor_control_protocol.o(i.MCP_SentFrame)
    MCP_WaitNextFrame                        0x080045fd   Thumb Code    26  motor_control_protocol.o(i.MCP_WaitNextFrame)
    MC_GetSTMStateMotor1                     0x08004619   Thumb Code     8  mc_api.o(i.MC_GetSTMStateMotor1)
    MC_ProgramSpeedRampMotor1                0x08004625   Thumb Code    14  mc_api.o(i.MC_ProgramSpeedRampMotor1)
    MC_RunMotorControlTasks                  0x08004639   Thumb Code    28  mc_tasks.o(i.MC_RunMotorControlTasks)
    MC_Scheduler                             0x08004659   Thumb Code    58  mc_tasks.o(i.MC_Scheduler)
    MC_StartMotor1                           0x08004699   Thumb Code     8  mc_api.o(i.MC_StartMotor1)
    MC_StopMotor1                            0x080046a5   Thumb Code     8  mc_api.o(i.MC_StopMotor1)
    MCboot                                   0x080046b1   Thumb Code   366  mc_tasks.o(i.MCboot)
    MPM_CalcElMotorPower                     0x08004869   Thumb Code    70  motor_power_measurement.o(i.MPM_CalcElMotorPower)
    MPM_Clear                                0x080048af   Thumb Code    26  motor_power_measurement.o(i.MPM_Clear)
    MPM_GetAvrgElMotorPowerW                 0x080048c9   Thumb Code     6  motor_power_measurement.o(i.MPM_GetAvrgElMotorPowerW)
    MX_MotorControl_Init                     0x080048d1   Thumb Code    48  motorcontrol.o(i.MX_MotorControl_Init)
    NTC_CalcAvTemp                           0x08004909   Thumb Code    58  ntc_temperature_sensor.o(i.NTC_CalcAvTemp)
    NTC_Clear                                0x08004943   Thumb Code     6  ntc_temperature_sensor.o(i.NTC_Clear)
    NTC_GetAvTemp_C                          0x08004949   Thumb Code    40  ntc_temperature_sensor.o(i.NTC_GetAvTemp_C)
    NTC_Init                                 0x08004971   Thumb Code    36  ntc_temperature_sensor.o(i.NTC_Init)
    NTC_SetFaultState                        0x08004995   Thumb Code    24  ntc_temperature_sensor.o(i.NTC_SetFaultState)
    PID_GetKD                                0x080049ad   Thumb Code     6  pid_regulator.o(i.PID_GetKD)
    PID_GetKI                                0x080049b3   Thumb Code     6  pid_regulator.o(i.PID_GetKI)
    PID_GetKIDivisor                         0x080049b9   Thumb Code     4  pid_regulator.o(i.PID_GetKIDivisor)
    PID_GetKP                                0x080049bd   Thumb Code     6  pid_regulator.o(i.PID_GetKP)
    PID_GetKPDivisor                         0x080049c3   Thumb Code     4  pid_regulator.o(i.PID_GetKPDivisor)
    PID_HandleInit                           0x080049c7   Thumb Code    20  pid_regulator.o(i.PID_HandleInit)
    PID_SetIntegralTerm                      0x080049db   Thumb Code     4  pid_regulator.o(i.PID_SetIntegralTerm)
    PID_SetKD                                0x080049df   Thumb Code     4  pid_regulator.o(i.PID_SetKD)
    PID_SetKI                                0x080049e3   Thumb Code     4  pid_regulator.o(i.PID_SetKI)
    PID_SetKP                                0x080049e7   Thumb Code     4  pid_regulator.o(i.PID_SetKP)
    PI_Controller                            0x080049ed   Thumb Code   122  pid_regulator.o(i.PI_Controller)
    PQD_CalcElMotorPower                     0x08004a6d   Thumb Code    90  pqd_motor_power_measurement.o(i.PQD_CalcElMotorPower)
    PWMC_CheckOverCurrent                    0x08004acd   Thumb Code     4  pwm_curr_fdbk.o(i.PWMC_CheckOverCurrent)
    PWMC_CurrentReadingCalibr                0x08004ad1   Thumb Code    66  pwm_curr_fdbk.o(i.PWMC_CurrentReadingCalibr)
    PWMC_GetPhaseCurrents                    0x08004b13   Thumb Code     4  pwm_curr_fdbk.o(i.PWMC_GetPhaseCurrents)
    PWMC_SetPhaseVoltage                     0x08004b17   Thumb Code   496  pwm_curr_fdbk.o(i.PWMC_SetPhaseVoltage)
    PWMC_SwitchOffPWM                        0x08004d07   Thumb Code     4  pwm_curr_fdbk.o(i.PWMC_SwitchOffPWM)
    PWMC_SwitchOnPWM                         0x08004d0b   Thumb Code     4  pwm_curr_fdbk.o(i.PWMC_SwitchOnPWM)
    PWMC_TurnOnLowSides                      0x08004d0f   Thumb Code     4  pwm_curr_fdbk.o(i.PWMC_TurnOnLowSides)
    R3_2_BRK2_IRQHandler                     0x08004e09   Thumb Code    54  r3_2_g4xx_pwm_curr_fdbk.o(i.R3_2_BRK2_IRQHandler)
    R3_2_BRK_IRQHandler                      0x08004e3f   Thumb Code    26  r3_2_g4xx_pwm_curr_fdbk.o(i.R3_2_BRK_IRQHandler)
    R3_2_CurrentReadingPolarization          0x08004e59   Thumb Code   366  r3_2_g4xx_pwm_curr_fdbk.o(i.R3_2_CurrentReadingPolarization)
    R3_2_GetPhaseCurrents                    0x08004fe5   Thumb Code   282  r3_2_g4xx_pwm_curr_fdbk.o(i.R3_2_GetPhaseCurrents)
    R3_2_Init                                0x080051a5   Thumb Code   656  r3_2_g4xx_pwm_curr_fdbk.o(i.R3_2_Init)
    R3_2_IsOverCurrentOccurred               0x08005439   Thumb Code    38  r3_2_g4xx_pwm_curr_fdbk.o(i.R3_2_IsOverCurrentOccurred)
    R3_2_RLDetectionModeDisable              0x08005461   Thumb Code   218  r3_2_g4xx_pwm_curr_fdbk.o(i.R3_2_RLDetectionModeDisable)
    R3_2_RLDetectionModeEnable               0x0800554d   Thumb Code   170  r3_2_g4xx_pwm_curr_fdbk.o(i.R3_2_RLDetectionModeEnable)
    R3_2_RLDetectionModeSetDuty              0x08005609   Thumb Code   106  r3_2_g4xx_pwm_curr_fdbk.o(i.R3_2_RLDetectionModeSetDuty)
    R3_2_SetADCSampPointPolarization         0x080057cd   Thumb Code    46  r3_2_g4xx_pwm_curr_fdbk.o(i.R3_2_SetADCSampPointPolarization)
    R3_2_SetADCSampPointSectX                0x08005801   Thumb Code   114  r3_2_g4xx_pwm_curr_fdbk.o(i.R3_2_SetADCSampPointSectX)
    R3_2_SwitchOffPWM                        0x08005975   Thumb Code   116  r3_2_g4xx_pwm_curr_fdbk.o(i.R3_2_SwitchOffPWM)
    R3_2_SwitchOnPWM                         0x080059e9   Thumb Code   192  r3_2_g4xx_pwm_curr_fdbk.o(i.R3_2_SwitchOnPWM)
    R3_2_TIMx_UP_IRQHandler                  0x08005aa9   Thumb Code   142  r3_2_g4xx_pwm_curr_fdbk.o(i.R3_2_TIMx_UP_IRQHandler)
    R3_2_TurnOnLowSides                      0x08005b37   Thumb Code    86  r3_2_g4xx_pwm_curr_fdbk.o(i.R3_2_TurnOnLowSides)
    RCM_ExecNextConv                         0x08005b8d   Thumb Code   134  regular_conversion_manager.o(i.RCM_ExecNextConv)
    RCM_ExecRegularConv                      0x08005c25   Thumb Code   302  regular_conversion_manager.o(i.RCM_ExecRegularConv)
    RCM_ExecUserConv                         0x08005d69   Thumb Code    76  regular_conversion_manager.o(i.RCM_ExecUserConv)
    RCM_ReadOngoingConv                      0x08005dc1   Thumb Code    50  regular_conversion_manager.o(i.RCM_ReadOngoingConv)
    RCM_RegisterRegConv                      0x08005e01   Thumb Code   288  regular_conversion_manager.o(i.RCM_RegisterRegConv)
    REMNG_Calc                               0x08005f31   Thumb Code    44  ramp_ext_mngr.o(i.REMNG_Calc)
    REMNG_ExecRamp                           0x08005f5d   Thumb Code   130  ramp_ext_mngr.o(i.REMNG_ExecRamp)
    REMNG_Init                               0x08005fdf   Thumb Code    16  ramp_ext_mngr.o(i.REMNG_Init)
    REMNG_RampCompleted                      0x08005fef   Thumb Code    14  ramp_ext_mngr.o(i.REMNG_RampCompleted)
    RVBS_CalcAvVbus                          0x08005ffd   Thumb Code   100  r_divider_bus_voltage_sensor.o(i.RVBS_CalcAvVbus)
    RVBS_CheckFaultState                     0x08006061   Thumb Code    24  r_divider_bus_voltage_sensor.o(i.RVBS_CheckFaultState)
    RVBS_Clear                               0x08006079   Thumb Code    44  r_divider_bus_voltage_sensor.o(i.RVBS_Clear)
    RVBS_Init                                0x080060a5   Thumb Code    22  r_divider_bus_voltage_sensor.o(i.RVBS_Init)
    SPD_GetAvrgMecSpeedUnit                  0x080060bb   Thumb Code     6  speed_pos_fdbk.o(i.SPD_GetAvrgMecSpeedUnit)
    SPD_GetElAngle                           0x080060c1   Thumb Code     6  speed_pos_fdbk.o(i.SPD_GetElAngle)
    SPD_GetInstElSpeedDpp                    0x080060c7   Thumb Code     6  speed_pos_fdbk.o(i.SPD_GetInstElSpeedDpp)
    SPD_GetS16Speed                          0x080060cd   Thumb Code    20  speed_pos_fdbk.o(i.SPD_GetS16Speed)
    SPD_IsMecSpeedReliable                   0x080060e1   Thumb Code    96  speed_pos_fdbk.o(i.SPD_IsMecSpeedReliable)
    STC_CalcTorqueReference                  0x08006141   Thumb Code    92  speed_torq_ctrl.o(i.STC_CalcTorqueReference)
    STC_Clear                                0x0800619d   Thumb Code    16  speed_torq_ctrl.o(i.STC_Clear)
    STC_ExecRamp                             0x080061ad   Thumb Code   146  speed_torq_ctrl.o(i.STC_ExecRamp)
    STC_ForceSpeedReferenceToCurrentSpeed    0x0800623f   Thumb Code    16  speed_torq_ctrl.o(i.STC_ForceSpeedReferenceToCurrentSpeed)
    STC_GetDefaultIqdref                     0x0800624f   Thumb Code    16  speed_torq_ctrl.o(i.STC_GetDefaultIqdref)
    STC_GetMaxAppPositiveMecSpeedUnit        0x0800625f   Thumb Code     4  speed_torq_ctrl.o(i.STC_GetMaxAppPositiveMecSpeedUnit)
    STC_GetMecSpeedRefUnit                   0x08006263   Thumb Code    12  speed_torq_ctrl.o(i.STC_GetMecSpeedRefUnit)
    STC_GetMecSpeedRefUnitDefault            0x0800626f   Thumb Code     6  speed_torq_ctrl.o(i.STC_GetMecSpeedRefUnitDefault)
    STC_GetMinAppNegativeMecSpeedUnit        0x08006275   Thumb Code     6  speed_torq_ctrl.o(i.STC_GetMinAppNegativeMecSpeedUnit)
    STC_GetSpeedSensor                       0x0800627b   Thumb Code     4  speed_torq_ctrl.o(i.STC_GetSpeedSensor)
    STC_GetTorqueRef                         0x0800627f   Thumb Code    12  speed_torq_ctrl.o(i.STC_GetTorqueRef)
    STC_Init                                 0x0800628b   Thumb Code    32  speed_torq_ctrl.o(i.STC_Init)
    STC_SetControlMode                       0x080062ab   Thumb Code     8  speed_torq_ctrl.o(i.STC_SetControlMode)
    STC_SetSpeedSensor                       0x080062b3   Thumb Code     4  speed_torq_ctrl.o(i.STC_SetSpeedSensor)
    STC_StopRamp                             0x080062b7   Thumb Code     8  speed_torq_ctrl.o(i.STC_StopRamp)
    STM_FaultAcknowledged                    0x080062bf   Thumb Code    22  state_machine.o(i.STM_FaultAcknowledged)
    STM_FaultProcessing                      0x080062d5   Thumb Code    54  state_machine.o(i.STM_FaultProcessing)
    STM_GetFaultState                        0x0800630b   Thumb Code    10  state_machine.o(i.STM_GetFaultState)
    STM_GetState                             0x08006315   Thumb Code     4  state_machine.o(i.STM_GetState)
    STM_Init                                 0x08006319   Thumb Code    10  state_machine.o(i.STM_Init)
    STM_NextState                            0x08006323   Thumb Code   254  state_machine.o(i.STM_NextState)
    SysTick_Handler                          0x08006421   Thumb Code    36  stm32g4xx_mc_it.o(i.SysTick_Handler)
    SystemClock_Config                       0x08006449   Thumb Code   160  main.o(i.SystemClock_Config)
    SystemInit                               0x080064e9   Thumb Code    20  system_stm32g4xx.o(i.SystemInit)
    TIM1_BRK_TIM15_IRQHandler                0x08006505   Thumb Code    54  stm32g4xx_mc_it.o(i.TIM1_BRK_TIM15_IRQHandler)
    TIM1_UP_TIM16_IRQHandler                 0x08006549   Thumb Code    14  stm32g4xx_mc_it.o(i.TIM1_UP_TIM16_IRQHandler)
    TIM_Base_SetConfig                       0x08006561   Thumb Code   152  stm32g4xx_hal_tim.o(i.TIM_Base_SetConfig)
    TIM_OC2_SetConfig                        0x08006615   Thumb Code   136  stm32g4xx_hal_tim.o(i.TIM_OC2_SetConfig)
    TSK_ChargeBootCapDelayHasElapsedM1       0x0800679d   Thumb Code    14  mc_tasks.o(i.TSK_ChargeBootCapDelayHasElapsedM1)
    TSK_HardwareFaultTask                    0x080067b1   Thumb Code    24  mc_tasks.o(i.TSK_HardwareFaultTask)
    TSK_HighFrequencyTask                    0x080067d1   Thumb Code   320  mc_tasks.o(i.TSK_HighFrequencyTask)
    TSK_MediumFrequencyTaskM1                0x08006931   Thumb Code   654  mc_tasks.o(i.TSK_MediumFrequencyTaskM1)
    TSK_SafetyTask                           0x08006bf1   Thumb Code    26  mc_tasks.o(i.TSK_SafetyTask)
    TSK_SafetyTask_PWMOFF                    0x08006c11   Thumb Code   132  mc_tasks.o(i.TSK_SafetyTask_PWMOFF)
    TSK_SetChargeBootCapDelayM1              0x08006ca9   Thumb Code     6  mc_tasks.o(i.TSK_SetChargeBootCapDelayM1)
    TSK_SetStopPermanencyTimeM1              0x08006cb5   Thumb Code     6  mc_tasks.o(i.TSK_SetStopPermanencyTimeM1)
    TSK_StopPermanencyTimeHasElapsedM1       0x08006cc1   Thumb Code    14  mc_tasks.o(i.TSK_StopPermanencyTimeHasElapsedM1)
    UART_AdvFeatureConfig                    0x08006cd5   Thumb Code   218  stm32g4xx_hal_uart.o(i.UART_AdvFeatureConfig)
    UART_CheckIdleState                      0x08006daf   Thumb Code    98  stm32g4xx_hal_uart.o(i.UART_CheckIdleState)
    UART_SetConfig                           0x08006e11   Thumb Code   616  stm32g4xx_hal_uart.o(i.UART_SetConfig)
    UART_WaitOnFlagUntilTimeout              0x08007091   Thumb Code   190  stm32g4xx_hal_uart.o(i.UART_WaitOnFlagUntilTimeout)
    UFCP_AbortReceive                        0x0800714f   Thumb Code     8  usart_frame_communication_protocol.o(i.UFCP_AbortReceive)
    UFCP_Init                                0x08007157   Thumb Code     4  usart_frame_communication_protocol.o(i.UFCP_Init)
    UFCP_OVR_IRQ_Handler                     0x0800715b   Thumb Code    20  usart_frame_communication_protocol.o(i.UFCP_OVR_IRQ_Handler)
    UFCP_RX_IRQ_Handler                      0x08007171   Thumb Code   178  usart_frame_communication_protocol.o(i.UFCP_RX_IRQ_Handler)
    UFCP_Receive                             0x08007231   Thumb Code    40  usart_frame_communication_protocol.o(i.UFCP_Receive)
    UFCP_Send                                0x08007259   Thumb Code    86  usart_frame_communication_protocol.o(i.UFCP_Send)
    UFCP_TX_IRQ_Handler                      0x080072af   Thumb Code   100  usart_frame_communication_protocol.o(i.UFCP_TX_IRQ_Handler)
    UI_DACExec                               0x08007313   Thumb Code    10  user_interface.o(i.UI_DACExec)
    UI_DACInit                               0x0800731d   Thumb Code    10  user_interface.o(i.UI_DACInit)
    UI_DACUpdate                             0x08007329   Thumb Code    28  ui_task.o(i.UI_DACUpdate)
    UI_ExecCmd                               0x08007349   Thumb Code   110  user_interface.o(i.UI_ExecCmd)
    UI_ExecSpeedRamp                         0x080073b9   Thumb Code    44  user_interface.o(i.UI_ExecSpeedRamp)
    UI_ExecTorqueRamp                        0x080073e9   Thumb Code    20  user_interface.o(i.UI_ExecTorqueRamp)
    UI_GetDAC                                0x080073fd   Thumb Code    16  user_interface.o(i.UI_GetDAC)
    UI_GetMPInfo                             0x0800740d   Thumb Code     4  user_interface.o(i.UI_GetMPInfo)
    UI_GetReg                                0x08007411   Thumb Code  1432  user_interface.o(i.UI_GetReg)
    UI_GetRevupData                          0x080079ad   Thumb Code    74  user_interface.o(i.UI_GetRevupData)
    UI_GetSelectedMC                         0x080079f7   Thumb Code     6  user_interface.o(i.UI_GetSelectedMC)
    UI_HandleStartStopButton_cb              0x080079fd   Thumb Code    24  ui_task.o(i.UI_HandleStartStopButton_cb)
    UI_Init                                  0x08007a15   Thumb Code    22  user_interface.o(i.UI_Init)
    UI_Scheduler                             0x08007a2d   Thumb Code    40  ui_task.o(i.UI_Scheduler)
    UI_SelectMC                              0x08007a59   Thumb Code    18  user_interface.o(i.UI_SelectMC)
    UI_SerialCommunicationTimeOutStart       0x08007a6d   Thumb Code     8  ui_task.o(i.UI_SerialCommunicationTimeOutStart)
    UI_SerialCommunicationTimeOutStop        0x08007a79   Thumb Code     8  ui_task.o(i.UI_SerialCommunicationTimeOutStop)
    UI_SetCurrentReferences                  0x08007a85   Thumb Code    26  user_interface.o(i.UI_SetCurrentReferences)
    UI_SetDAC                                0x08007a9f   Thumb Code    10  user_interface.o(i.UI_SetDAC)
    UI_SetReg                                0x08007aa9   Thumb Code   578  user_interface.o(i.UI_SetReg)
    UI_SetRevupData                          0x08007cf1   Thumb Code    56  user_interface.o(i.UI_SetRevupData)
    UI_TaskInit                              0x08007d29   Thumb Code   144  ui_task.o(i.UI_TaskInit)
    USART2_IRQHandler                        0x08007dd9   Thumb Code   100  stm32g4xx_mc_it.o(i.USART2_IRQHandler)
    VBS_GetAvBusVoltage_V                    0x08007e41   Thumb Code    10  bus_voltage_sensor.o(i.VBS_GetAvBusVoltage_V)
    VBS_GetAvBusVoltage_d                    0x08007e4b   Thumb Code     4  bus_voltage_sensor.o(i.VBS_GetAvBusVoltage_d)
    VSS_CalcAvrgMecSpeedUnit                 0x08007e4f   Thumb Code   156  virtual_speed_sensor.o(i.VSS_CalcAvrgMecSpeedUnit)
    VSS_CalcElAngle                          0x08007eeb   Thumb Code   158  virtual_speed_sensor.o(i.VSS_CalcElAngle)
    VSS_Clear                                0x08007f89   Thumb Code    44  virtual_speed_sensor.o(i.VSS_Clear)
    VSS_Init                                 0x08007fb5   Thumb Code     8  virtual_speed_sensor.o(i.VSS_Init)
    VSS_SetCopyObserver                      0x08007fbd   Thumb Code     8  virtual_speed_sensor.o(i.VSS_SetCopyObserver)
    VSS_SetMecAcceleration                   0x08007fc5   Thumb Code   124  virtual_speed_sensor.o(i.VSS_SetMecAcceleration)
    VSS_SetMecAngle                          0x08008041   Thumb Code    14  virtual_speed_sensor.o(i.VSS_SetMecAngle)
    VSS_SetStartTransition                   0x0800804f   Thumb Code    28  virtual_speed_sensor.o(i.VSS_SetStartTransition)
    VSS_TransitionEnded                      0x0800806b   Thumb Code     6  virtual_speed_sensor.o(i.VSS_TransitionEnded)
    __scatterload_copy                       0x08008071   Thumb Code    14  handlers.o(i.__scatterload_copy)
    __scatterload_null                       0x0800807f   Thumb Code     2  handlers.o(i.__scatterload_null)
    __scatterload_zeroinit                   0x08008081   Thumb Code    14  handlers.o(i.__scatterload_zeroinit)
    getScalingFactor                         0x08008091   Thumb Code    40  ramp_ext_mngr.o(i.getScalingFactor)
    main                                     0x080080b9   Thumb Code  1300  main.o(i.main)
    mc_lock_pins                             0x080085d9   Thumb Code   252  mc_tasks.o(i.mc_lock_pins)
    startTimers                              0x080086ed   Thumb Code   100  pwm_common.o(i.startTimers)
    waitForPolarizationEnd                   0x08008759   Thumb Code    96  pwm_common.o(i.waitForPolarizationEnd)
    s_fwVer                                  0x080087b8   Data          32  motorcontrol.o(.constdata)
    R3_2_ParamsM1                            0x080087dc   Data         196  mc_parameters.o(.constdata)
    UARTPrescTable                           0x080088a0   Data          24  stm32g4xx_hal_uart.o(.constdata)
    AHBPrescTable                            0x080088b8   Data          16  system_stm32g4xx.o(.constdata)
    APBPrescTable                            0x080088c8   Data           8  system_stm32g4xx.o(.constdata)
    Region$$Table$$Base                      0x080088ec   Number         0  anon$$obj.o(Region$$Table)
    Region$$Table$$Limit                     0x0800890c   Number         0  anon$$obj.o(Region$$Table)
    wConfig                                  0x20000000   Data           4  motorcontrol.o(.data)
    pMCI                                     0x20000004   Data           4  motorcontrol.o(.data)
    pMCT                                     0x20000008   Data           4  motorcontrol.o(.data)
    MPInfo                                   0x2000000c   Data           8  motor_control_protocol.o(.data)
    PQD_MotorPowMeasM1                       0x20000014   Data         276  mc_config.o(.data)
    PIDSpeedHandle_M1                        0x20000128   Data          44  mc_config.o(.data)
    PIDIqHandle_M1                           0x20000154   Data          44  mc_config.o(.data)
    PIDIdHandle_M1                           0x20000180   Data          44  mc_config.o(.data)
    SpeednTorqCtrlM1                         0x200001ac   Data          52  mc_config.o(.data)
    RevUpControlM1                           0x200001e0   Data         120  mc_config.o(.data)
    PWM_Handle_M1                            0x20000258   Data         124  mc_config.o(.data)
    VirtualSpeedSensorM1                     0x200002d4   Data          56  mc_config.o(.data)
    STO_PLL_M1                               0x2000030c   Data         296  mc_config.o(.data)
    STO_M1                                   0x20000434   Data          20  mc_config.o(.data)
    TempSensorParamsM1                       0x20000448   Data          40  mc_config.o(.data)
    RealBusVoltageSensorParamsM1             0x20000470   Data          40  mc_config.o(.data)
    UI_Params                                0x20000498   Data          48  mc_config.o(.data)
    DAC_UI_Params                            0x200004c8   Data          60  mc_config.o(.data)
    RampExtMngrHFParamsM1                    0x20000504   Data          24  mc_config.o(.data)
    CircleLimitationM1                       0x2000051c   Data         180  mc_config.o(.data)
    pUSART                                   0x200005d0   Data         316  mc_config.o(.data)
    bMCBootCompleted                         0x2000070c   Data           1  mc_tasks.o(.data)
    oMCInterface                             0x20000714   Data           4  mc_tasks.o(.data)
    pSTC                                     0x20000718   Data           4  mc_tasks.o(.data)
    pPIDSpeed                                0x2000071c   Data           4  mc_tasks.o(.data)
    pPIDIq                                   0x20000720   Data           4  mc_tasks.o(.data)
    pPIDId                                   0x20000724   Data           4  mc_tasks.o(.data)
    pBusSensorM1                             0x20000728   Data           4  mc_tasks.o(.data)
    pTemperatureSensor                       0x2000072c   Data           4  mc_tasks.o(.data)
    pwmcHandle                               0x20000730   Data           4  mc_tasks.o(.data)
    pMPM                                     0x20000734   Data           4  mc_tasks.o(.data)
    pCLM                                     0x20000738   Data           4  mc_tasks.o(.data)
    pREMNG                                   0x2000073c   Data           4  mc_tasks.o(.data)
    STM                                      0x20000740   Data           6  mc_tasks.o(.data)
    RCM_currentHandle                        0x20000746   Data           1  regular_conversion_manager.o(.data)
    RCM_UserConvHandle                       0x20000747   Data           1  regular_conversion_manager.o(.data)
    RCM_UserConvState                        0x20000748   Data           1  regular_conversion_manager.o(.data)
    RCM_UserConvValue                        0x2000074a   Data           2  regular_conversion_manager.o(.data)
    pDAC                                     0x20000758   Data           4  ui_task.o(.data)
    pMCP                                     0x2000075c   Data           4  ui_task.o(.data)
    uwTickPrio                               0x20000764   Data           4  stm32g4xx_hal.o(.data)
    uwTickFreq                               0x20000768   Data           4  stm32g4xx_hal.o(.data)
    uwTick                                   0x2000076c   Data           4  stm32g4xx_hal.o(.data)
    SystemCoreClock                          0x20000770   Data           4  system_stm32g4xx.o(.data)
    hadc1                                    0x20000774   Data         108  main.o(.bss)
    hadc2                                    0x200007e0   Data         108  main.o(.bss)
    hcordic                                  0x2000084c   Data          40  main.o(.bss)
    hdac1                                    0x20000874   Data          20  main.o(.bss)
    htim1                                    0x20000888   Data          76  main.o(.bss)
    huart2                                   0x200008d4   Data         140  main.o(.bss)
    RealBusVoltageSensorFilterBufferM1       0x20000960   Data          12  mc_config.o(.bss)
    FOCVars                                  0x2000096c   Data          38  mc_tasks.o(.bss)
    Mci                                      0x20000994   Data          28  mc_tasks.o(.bss)
    MCT                                      0x200009b0   Data          84  mc_tasks.o(.bss)
    RCM_handle_array                         0x20000a04   Data          16  regular_conversion_manager.o(.bss)
    RCM_CB_array                             0x20000a14   Data          32  regular_conversion_manager.o(.bss)
    RCM_NoInj_array                          0x20000a34   Data          24  regular_conversion_manager.o(.bss)
    MCP_UI_Params                            0x20000a4c   Data         204  ui_task.o(.bss)
    __initial_sp                             0x20000f18   Data           0  startup_stm32g431xx.o(STACK)



==============================================================================

Memory Map of the image

  Image Entry point : 0x080001d9

  Load Region LR_IROM1 (Base: 0x08000000, Size: 0x00009080, Max: 0x00020000, ABSOLUTE, COMPRESSED[0x00008b00])

    Execution Region ER_IROM1 (Exec base: 0x08000000, Load base: 0x08000000, Size: 0x0000890c, Max: 0x00020000, ABSOLUTE)

    Exec Addr    Load Addr    Size         Type   Attr      Idx    E Section Name        Object

    0x08000000   0x08000000   0x000001d8   Data   RO            3    RESET               startup_stm32g431xx.o
    0x080001d8   0x080001d8   0x00000000   Code   RO         7035  * .ARM.Collect$$$$00000000  mc_w.l(entry.o)
    0x080001d8   0x080001d8   0x00000004   Code   RO         7042    .ARM.Collect$$$$00000001  mc_w.l(entry2.o)
    0x080001dc   0x080001dc   0x00000004   Code   RO         7045    .ARM.Collect$$$$00000004  mc_w.l(entry5.o)
    0x080001e0   0x080001e0   0x00000000   Code   RO         7047    .ARM.Collect$$$$00000008  mc_w.l(entry7b.o)
    0x080001e0   0x080001e0   0x00000000   Code   RO         7049    .ARM.Collect$$$$0000000A  mc_w.l(entry8b.o)
    0x080001e0   0x080001e0   0x00000008   Code   RO         7050    .ARM.Collect$$$$0000000B  mc_w.l(entry9a.o)
    0x080001e8   0x080001e8   0x00000000   Code   RO         7052    .ARM.Collect$$$$0000000D  mc_w.l(entry10a.o)
    0x080001e8   0x080001e8   0x00000000   Code   RO         7054    .ARM.Collect$$$$0000000F  mc_w.l(entry11a.o)
    0x080001e8   0x080001e8   0x00000004   Code   RO         7043    .ARM.Collect$$$$00002712  mc_w.l(entry2.o)
    0x080001ec   0x080001ec   0x00000014   Code   RO         7018    .ccmram             libmc-keil_M4.lib(revup_ctrl.o)
    0x08000200   0x08000200   0x0000022e   Code   RO         7028    .ccmram             libmc-keil_M4.lib(sto_pll_speed_pos_fdbk.o)
    0x0800042e   0x0800042e   0x00000002   PAD
    0x08000430   0x08000430   0x00000024   Code   RO            4    .text               startup_stm32g431xx.o
    0x08000454   0x08000454   0x000003ce   Code   RO         7019    .text               libmc-keil_M4.lib(revup_ctrl.o)
    0x08000822   0x08000822   0x00000002   PAD
    0x08000824   0x08000824   0x00000398   Code   RO         7029    .text               libmc-keil_M4.lib(sto_pll_speed_pos_fdbk.o)
    0x08000bbc   0x08000bbc   0x00000062   Code   RO         7038    .text               mc_w.l(uldiv.o)
    0x08000c1e   0x08000c1e   0x00000024   Code   RO         7040    .text               mc_w.l(memseta.o)
    0x08000c42   0x08000c42   0x0000001e   Code   RO         7056    .text               mc_w.l(llshl.o)
    0x08000c60   0x08000c60   0x00000020   Code   RO         7058    .text               mc_w.l(llushr.o)
    0x08000c80   0x08000c80   0x00000024   Code   RO         7060    .text               mc_w.l(init.o)
    0x08000ca4   0x08000ca4   0x00000056   Code   RO         7070    .text               mc_w.l(__dczerorl2.o)
    0x08000cfa   0x08000cfa   0x00000016   Code   RO         1240    i.ADC1_2_IRQHandler  stm32g4xx_mc_it.o
    0x08000d10   0x08000d10   0x00000056   Code   RO         5587    i.Circle_Limitation  circle_limitation.o
    0x08000d66   0x08000d66   0x00000002   PAD
    0x08000d68   0x08000d68   0x00000034   Code   RO         1563    i.DAC_Exec          dac_ui.o
    0x08000d9c   0x08000d9c   0x00000008   Code   RO         6819    i.DAC_GetChannelConfig  dac_common_ui.o
    0x08000da4   0x08000da4   0x0000000a   Code   RO         6820    i.DAC_GetUserChannelValue  dac_common_ui.o
    0x08000dae   0x08000dae   0x00000002   PAD
    0x08000db0   0x08000db0   0x00000010   Code   RO         1564    i.DAC_Init          dac_ui.o
    0x08000dc0   0x08000dc0   0x00000008   Code   RO         6821    i.DAC_SetChannelConfig  dac_common_ui.o
    0x08000dc8   0x08000dc8   0x00000008   Code   RO         6822    i.DAC_SetUserChannelValue  dac_common_ui.o
    0x08000dd0   0x08000dd0   0x0000001c   Code   RO         1241    i.EXTI15_10_IRQHandler  stm32g4xx_mc_it.o
    0x08000dec   0x08000dec   0x0000002e   Code   RO         6861    i.FCP_CalcCRC       frame_communication_protocol.o
    0x08000e1a   0x08000e1a   0x0000002a   Code   RO         6862    i.FCP_Init          frame_communication_protocol.o
    0x08000e44   0x08000e44   0x0000000e   Code   RO         6864    i.FCP_SetClient     frame_communication_protocol.o
    0x08000e52   0x08000e52   0x00000002   PAD
    0x08000e54   0x08000e54   0x00000034   Code   RO          725    i.FOC_CalcCurrRef   mc_tasks.o
    0x08000e88   0x08000e88   0x0000006c   Code   RO          726    i.FOC_Clear         mc_tasks.o
    0x08000ef4   0x08000ef4   0x00000002   Code   RO          727    i.FOC_InitAdditionalMethods  mc_tasks.o
    0x08000ef6   0x08000ef6   0x00000002   PAD
    0x08000ef8   0x08000ef8   0x000005ec   Code   RO         1918    i.HAL_ADCEx_InjectedConfigChannel  stm32g4xx_hal_adc_ex.o
    0x080014e4   0x080014e4   0x000000e0   Code   RO         1929    i.HAL_ADCEx_MultiModeConfigChannel  stm32g4xx_hal_adc_ex.o
    0x080015c4   0x080015c4   0x000004d0   Code   RO         1716    i.HAL_ADC_ConfigChannel  stm32g4xx_hal_adc.o
    0x08001a94   0x08001a94   0x0000023c   Code   RO         1725    i.HAL_ADC_Init      stm32g4xx_hal_adc.o
    0x08001cd0   0x08001cd0   0x0000011c   Code   RO         1618    i.HAL_ADC_MspInit   stm32g4xx_hal_msp.o
    0x08001dec   0x08001dec   0x00000034   Code   RO         3543    i.HAL_CORDIC_Init   stm32g4xx_hal_cordic.o
    0x08001e20   0x08001e20   0x0000002c   Code   RO         1620    i.HAL_CORDIC_MspInit  stm32g4xx_hal_msp.o
    0x08001e4c   0x08001e4c   0x000001d8   Code   RO         3649    i.HAL_DAC_ConfigChannel  stm32g4xx_hal_dac.o
    0x08002024   0x08002024   0x00000028   Code   RO         3659    i.HAL_DAC_Init      stm32g4xx_hal_dac.o
    0x0800204c   0x0800204c   0x0000005c   Code   RO         1622    i.HAL_DAC_MspInit   stm32g4xx_hal_msp.o
    0x080020a8   0x080020a8   0x00000028   Code   RO         2103    i.HAL_Delay         stm32g4xx_hal.o
    0x080020d0   0x080020d0   0x00000240   Code   RO         2772    i.HAL_GPIO_Init     stm32g4xx_hal_gpio.o
    0x08002310   0x08002310   0x0000000a   Code   RO         2776    i.HAL_GPIO_WritePin  stm32g4xx_hal_gpio.o
    0x0800231a   0x0800231a   0x00000002   PAD
    0x0800231c   0x0800231c   0x0000000c   Code   RO         2107    i.HAL_GetTick       stm32g4xx_hal.o
    0x08002328   0x08002328   0x00000010   Code   RO         2110    i.HAL_IncTick       stm32g4xx_hal.o
    0x08002338   0x08002338   0x0000001e   Code   RO         2111    i.HAL_Init          stm32g4xx_hal.o
    0x08002356   0x08002356   0x00000002   PAD
    0x08002358   0x08002358   0x00000044   Code   RO         2112    i.HAL_InitTick      stm32g4xx_hal.o
    0x0800239c   0x0800239c   0x00000038   Code   RO         1623    i.HAL_MspInit       stm32g4xx_hal_msp.o
    0x080023d4   0x080023d4   0x0000001e   Code   RO         3404    i.HAL_NVIC_EnableIRQ  stm32g4xx_hal_cortex.o
    0x080023f2   0x080023f2   0x00000002   PAD
    0x080023f4   0x080023f4   0x00000064   Code   RO         3410    i.HAL_NVIC_SetPriority  stm32g4xx_hal_cortex.o
    0x08002458   0x08002458   0x00000024   Code   RO         3411    i.HAL_NVIC_SetPriorityGrouping  stm32g4xx_hal_cortex.o
    0x0800247c   0x0800247c   0x000000c0   Code   RO         3160    i.HAL_PWREx_ControlVoltageScaling  stm32g4xx_hal_pwr_ex.o
    0x0800253c   0x0800253c   0x00000010   Code   RO         3172    i.HAL_PWREx_DisableUCPDDeadBattery  stm32g4xx_hal_pwr_ex.o
    0x0800254c   0x0800254c   0x000002c4   Code   RO         2455    i.HAL_RCCEx_PeriphCLKConfig  stm32g4xx_hal_rcc_ex.o
    0x08002810   0x08002810   0x00000208   Code   RO         2331    i.HAL_RCC_ClockConfig  stm32g4xx_hal_rcc.o
    0x08002a18   0x08002a18   0x00000010   Code   RO         2334    i.HAL_RCC_EnableCSS  stm32g4xx_hal_rcc.o
    0x08002a28   0x08002a28   0x0000000c   Code   RO         2337    i.HAL_RCC_GetHCLKFreq  stm32g4xx_hal_rcc.o
    0x08002a34   0x08002a34   0x00000024   Code   RO         2339    i.HAL_RCC_GetPCLK1Freq  stm32g4xx_hal_rcc.o
    0x08002a58   0x08002a58   0x00000024   Code   RO         2340    i.HAL_RCC_GetPCLK2Freq  stm32g4xx_hal_rcc.o
    0x08002a7c   0x08002a7c   0x00000070   Code   RO         2341    i.HAL_RCC_GetSysClockFreq  stm32g4xx_hal_rcc.o
    0x08002aec   0x08002aec   0x000004ca   Code   RO         2344    i.HAL_RCC_OscConfig  stm32g4xx_hal_rcc.o
    0x08002fb6   0x08002fb6   0x00000002   Code   RO         3414    i.HAL_SYSTICK_Callback  stm32g4xx_hal_cortex.o
    0x08002fb8   0x08002fb8   0x0000002c   Code   RO         3415    i.HAL_SYSTICK_Config  stm32g4xx_hal_cortex.o
    0x08002fe4   0x08002fe4   0x00000008   Code   RO         3416    i.HAL_SYSTICK_IRQHandler  stm32g4xx_hal_cortex.o
    0x08002fec   0x08002fec   0x000000bc   Code   RO         4608    i.HAL_TIMEx_ConfigBreakDeadTime  stm32g4xx_hal_tim_ex.o
    0x080030a8   0x080030a8   0x000000dc   Code   RO         4609    i.HAL_TIMEx_ConfigBreakInput  stm32g4xx_hal_tim_ex.o
    0x08003184   0x08003184   0x00000098   Code   RO         4645    i.HAL_TIMEx_MasterConfigSynchronization  stm32g4xx_hal_tim_ex.o
    0x0800321c   0x0800321c   0x00000062   Code   RO         3936    i.HAL_TIM_Base_Init  stm32g4xx_hal_tim.o
    0x0800327e   0x0800327e   0x00000002   PAD
    0x08003280   0x08003280   0x00000068   Code   RO         1625    i.HAL_TIM_Base_MspInit  stm32g4xx_hal_msp.o
    0x080032e8   0x080032e8   0x00000058   Code   RO         1626    i.HAL_TIM_MspPostInit  stm32g4xx_hal_msp.o
    0x08003340   0x08003340   0x00000364   Code   RO         4008    i.HAL_TIM_PWM_ConfigChannel  stm32g4xx_hal_tim.o
    0x080036a4   0x080036a4   0x00000062   Code   RO         4011    i.HAL_TIM_PWM_Init  stm32g4xx_hal_tim.o
    0x08003706   0x08003706   0x00000002   Code   RO         4013    i.HAL_TIM_PWM_MspInit  stm32g4xx_hal_tim.o
    0x08003708   0x08003708   0x00000056   Code   RO         4025    i.HAL_TIM_SlaveConfigSynchro  stm32g4xx_hal_tim.o
    0x0800375e   0x0800375e   0x0000003e   Code   RO         5419    i.HAL_UARTEx_DisableFifoMode  stm32g4xx_hal_uart_ex.o
    0x0800379c   0x0800379c   0x000000b8   Code   RO         5421    i.HAL_UARTEx_EnableFifoMode  stm32g4xx_hal_uart_ex.o
    0x08003854   0x08003854   0x000000ac   Code   RO         5424    i.HAL_UARTEx_SetRxFifoThreshold  stm32g4xx_hal_uart_ex.o
    0x08003900   0x08003900   0x000000ac   Code   RO         5425    i.HAL_UARTEx_SetTxFifoThreshold  stm32g4xx_hal_uart_ex.o
    0x080039ac   0x080039ac   0x0000006e   Code   RO         5055    i.HAL_UART_Init     stm32g4xx_hal_uart.o
    0x08003a1a   0x08003a1a   0x00000002   PAD
    0x08003a1c   0x08003a1c   0x00000060   Code   RO         1628    i.HAL_UART_MspInit  stm32g4xx_hal_msp.o
    0x08003a7c   0x08003a7c   0x00000068   Code   RO         1242    i.HardFault_Handler  stm32g4xx_mc_it.o
    0x08003ae4   0x08003ae4   0x00000074   Code   RO         6640    i.LL_TIM_OC_EnablePreload  r3_2_g4xx_pwm_curr_fdbk.o
    0x08003b58   0x08003b58   0x00000080   Code   RO         6641    i.LL_TIM_OC_SetMode  r3_2_g4xx_pwm_curr_fdbk.o
    0x08003bd8   0x08003bd8   0x00000010   Code   RO         1012    i.MCI_Clear_Iqdref  mc_interface.o
    0x08003be8   0x08003be8   0x00000008   Code   RO         1013    i.MCI_EncoderAlign  mc_interface.o
    0x08003bf0   0x08003bf0   0x00000078   Code   RO         1014    i.MCI_ExecBufferedCommands  mc_interface.o
    0x08003c68   0x08003c68   0x0000000e   Code   RO         1015    i.MCI_ExecSpeedRamp  mc_interface.o
    0x08003c76   0x08003c76   0x00000012   Code   RO         1016    i.MCI_ExecTorqueRamp  mc_interface.o
    0x08003c88   0x08003c88   0x00000006   Code   RO         1017    i.MCI_FaultAcknowledged  mc_interface.o
    0x08003c8e   0x08003c8e   0x00000010   Code   RO         1018    i.MCI_GetAvrgMecSpeedUnit  mc_interface.o
    0x08003c9e   0x08003c9e   0x00000004   Code   RO         1019    i.MCI_GetControlMode  mc_interface.o
    0x08003ca2   0x08003ca2   0x00000006   Code   RO         1022    i.MCI_GetIab        mc_interface.o
    0x08003ca8   0x08003ca8   0x00000006   Code   RO         1023    i.MCI_GetIalphabeta  mc_interface.o
    0x08003cae   0x08003cae   0x00000036   Code   RO         1024    i.MCI_GetImposedMotorDirection  mc_interface.o
    0x08003ce4   0x08003ce4   0x00000006   Code   RO         1025    i.MCI_GetIqd        mc_interface.o
    0x08003cea   0x08003cea   0x00000006   Code   RO         1027    i.MCI_GetIqdref     mc_interface.o
    0x08003cf0   0x08003cf0   0x00000010   Code   RO         1028    i.MCI_GetLastRampFinalSpeed  mc_interface.o
    0x08003d00   0x08003d00   0x00000006   Code   RO         1029    i.MCI_GetMecSpeedRefUnit  mc_interface.o
    0x08003d06   0x08003d06   0x00000006   Code   RO         1033    i.MCI_GetSTMState   mc_interface.o
    0x08003d0c   0x08003d0c   0x00000008   Code   RO         1035    i.MCI_GetTeref      mc_interface.o
    0x08003d14   0x08003d14   0x00000008   Code   RO         1036    i.MCI_GetValphabeta  mc_interface.o
    0x08003d1c   0x08003d1c   0x00000008   Code   RO         1037    i.MCI_GetVqd        mc_interface.o
    0x08003d24   0x08003d24   0x00000014   Code   RO         1038    i.MCI_Init          mc_interface.o
    0x08003d38   0x08003d38   0x00000014   Code   RO         1041    i.MCI_SetCurrentReferences  mc_interface.o
    0x08003d4c   0x08003d4c   0x0000000a   Code   RO         1042    i.MCI_SetIdref      mc_interface.o
    0x08003d56   0x08003d56   0x00000016   Code   RO         1043    i.MCI_StartMotor    mc_interface.o
    0x08003d6c   0x08003d6c   0x00000008   Code   RO         1044    i.MCI_StopMotor     mc_interface.o
    0x08003d74   0x08003d74   0x00000006   Code   RO         1045    i.MCI_StopRamp      mc_interface.o
    0x08003d7a   0x08003d7a   0x00000002   PAD
    0x08003d7c   0x08003d7c   0x0000004c   Code   RO          949    i.MCM_Clarke        mc_math.o
    0x08003dc8   0x08003dc8   0x00000084   Code   RO          950    i.MCM_Park          mc_math.o
    0x08003e4c   0x08003e4c   0x00000036   Code   RO          951    i.MCM_Rev_Park      mc_math.o
    0x08003e82   0x08003e82   0x00000002   PAD
    0x08003e84   0x08003e84   0x00000018   Code   RO          953    i.MCM_Trig_Functions  mc_math.o
    0x08003e9c   0x08003e9c   0x00000044   Code   RO          603    i.MCP_Init          motor_control_protocol.o
    0x08003ee0   0x08003ee0   0x00000008   Code   RO          604    i.MCP_OnTimeOut     motor_control_protocol.o
    0x08003ee8   0x08003ee8   0x0000070c   Code   RO          605    i.MCP_ReceivedFrame  motor_control_protocol.o
    0x080045f4   0x080045f4   0x00000008   Code   RO          610    i.MCP_SentFrame     motor_control_protocol.o
    0x080045fc   0x080045fc   0x0000001a   Code   RO          611    i.MCP_WaitNextFrame  motor_control_protocol.o
    0x08004616   0x08004616   0x00000002   PAD
    0x08004618   0x08004618   0x0000000c   Code   RO          412    i.MC_GetSTMStateMotor1  mc_api.o
    0x08004624   0x08004624   0x00000014   Code   RO          418    i.MC_ProgramSpeedRampMotor1  mc_api.o
    0x08004638   0x08004638   0x00000020   Code   RO          730    i.MC_RunMotorControlTasks  mc_tasks.o
    0x08004658   0x08004658   0x00000040   Code   RO          731    i.MC_Scheduler      mc_tasks.o
    0x08004698   0x08004698   0x0000000c   Code   RO          422    i.MC_StartMotor1    mc_api.o
    0x080046a4   0x080046a4   0x0000000c   Code   RO          423    i.MC_StopMotor1     mc_api.o
    0x080046b0   0x080046b0   0x000001b8   Code   RO          732    i.MCboot            mc_tasks.o
    0x08004868   0x08004868   0x00000046   Code   RO         5644    i.MPM_CalcElMotorPower  motor_power_measurement.o
    0x080048ae   0x080048ae   0x0000001a   Code   RO         5645    i.MPM_Clear         motor_power_measurement.o
    0x080048c8   0x080048c8   0x00000006   Code   RO         5646    i.MPM_GetAvrgElMotorPowerW  motor_power_measurement.o
    0x080048ce   0x080048ce   0x00000002   PAD
    0x080048d0   0x080048d0   0x00000038   Code   RO          355    i.MX_MotorControl_Init  motorcontrol.o
    0x08004908   0x08004908   0x0000003a   Code   RO         5686    i.NTC_CalcAvTemp    ntc_temperature_sensor.o
    0x08004942   0x08004942   0x00000006   Code   RO         5688    i.NTC_Clear         ntc_temperature_sensor.o
    0x08004948   0x08004948   0x00000028   Code   RO         5689    i.NTC_GetAvTemp_C   ntc_temperature_sensor.o
    0x08004970   0x08004970   0x00000024   Code   RO         5691    i.NTC_Init          ntc_temperature_sensor.o
    0x08004994   0x08004994   0x00000018   Code   RO         5692    i.NTC_SetFaultState  ntc_temperature_sensor.o
    0x080049ac   0x080049ac   0x00000006   Code   RO         5797    i.PID_GetKD         pid_regulator.o
    0x080049b2   0x080049b2   0x00000006   Code   RO         5799    i.PID_GetKI         pid_regulator.o
    0x080049b8   0x080049b8   0x00000004   Code   RO         5800    i.PID_GetKIDivisor  pid_regulator.o
    0x080049bc   0x080049bc   0x00000006   Code   RO         5801    i.PID_GetKP         pid_regulator.o
    0x080049c2   0x080049c2   0x00000004   Code   RO         5802    i.PID_GetKPDivisor  pid_regulator.o
    0x080049c6   0x080049c6   0x00000014   Code   RO         5803    i.PID_HandleInit    pid_regulator.o
    0x080049da   0x080049da   0x00000004   Code   RO         5804    i.PID_SetIntegralTerm  pid_regulator.o
    0x080049de   0x080049de   0x00000004   Code   RO         5805    i.PID_SetKD         pid_regulator.o
    0x080049e2   0x080049e2   0x00000004   Code   RO         5807    i.PID_SetKI         pid_regulator.o
    0x080049e6   0x080049e6   0x00000004   Code   RO         5809    i.PID_SetKP         pid_regulator.o
    0x080049ea   0x080049ea   0x00000002   PAD
    0x080049ec   0x080049ec   0x00000080   Code   RO         5816    i.PI_Controller     pid_regulator.o
    0x08004a6c   0x08004a6c   0x00000060   Code   RO         5950    i.PQD_CalcElMotorPower  pqd_motor_power_measurement.o
    0x08004acc   0x08004acc   0x00000004   Code   RO         5974    i.PWMC_CheckOverCurrent  pwm_curr_fdbk.o
    0x08004ad0   0x08004ad0   0x00000042   Code   RO         5975    i.PWMC_CurrentReadingCalibr  pwm_curr_fdbk.o
    0x08004b12   0x08004b12   0x00000004   Code   RO         5976    i.PWMC_GetPhaseCurrents  pwm_curr_fdbk.o
    0x08004b16   0x08004b16   0x000001f0   Code   RO         5994    i.PWMC_SetPhaseVoltage  pwm_curr_fdbk.o
    0x08004d06   0x08004d06   0x00000004   Code   RO         5995    i.PWMC_SwitchOffPWM  pwm_curr_fdbk.o
    0x08004d0a   0x08004d0a   0x00000004   Code   RO         5996    i.PWMC_SwitchOnPWM  pwm_curr_fdbk.o
    0x08004d0e   0x08004d0e   0x00000004   Code   RO         5997    i.PWMC_TurnOnLowSides  pwm_curr_fdbk.o
    0x08004d12   0x08004d12   0x00000002   PAD
    0x08004d14   0x08004d14   0x000000f4   Code   RO         6642    i.R3_2_ADCxInit     r3_2_g4xx_pwm_curr_fdbk.o
    0x08004e08   0x08004e08   0x00000036   Code   RO         6643    i.R3_2_BRK2_IRQHandler  r3_2_g4xx_pwm_curr_fdbk.o
    0x08004e3e   0x08004e3e   0x0000001a   Code   RO         6644    i.R3_2_BRK_IRQHandler  r3_2_g4xx_pwm_curr_fdbk.o
    0x08004e58   0x08004e58   0x0000018c   Code   RO         6645    i.R3_2_CurrentReadingPolarization  r3_2_g4xx_pwm_curr_fdbk.o
    0x08004fe4   0x08004fe4   0x00000120   Code   RO         6646    i.R3_2_GetPhaseCurrents  r3_2_g4xx_pwm_curr_fdbk.o
    0x08005104   0x08005104   0x00000058   Code   RO         6647    i.R3_2_HFCurrentsPolarizationAB  r3_2_g4xx_pwm_curr_fdbk.o
    0x0800515c   0x0800515c   0x00000048   Code   RO         6648    i.R3_2_HFCurrentsPolarizationC  r3_2_g4xx_pwm_curr_fdbk.o
    0x080051a4   0x080051a4   0x00000294   Code   RO         6649    i.R3_2_Init         r3_2_g4xx_pwm_curr_fdbk.o
    0x08005438   0x08005438   0x00000026   Code   RO         6650    i.R3_2_IsOverCurrentOccurred  r3_2_g4xx_pwm_curr_fdbk.o
    0x0800545e   0x0800545e   0x00000002   PAD
    0x08005460   0x08005460   0x000000ec   Code   RO         6651    i.R3_2_RLDetectionModeDisable  r3_2_g4xx_pwm_curr_fdbk.o
    0x0800554c   0x0800554c   0x000000bc   Code   RO         6652    i.R3_2_RLDetectionModeEnable  r3_2_g4xx_pwm_curr_fdbk.o
    0x08005608   0x08005608   0x00000070   Code   RO         6653    i.R3_2_RLDetectionModeSetDuty  r3_2_g4xx_pwm_curr_fdbk.o
    0x08005678   0x08005678   0x00000048   Code   RO         6654    i.R3_2_RLGetPhaseCurrents  r3_2_g4xx_pwm_curr_fdbk.o
    0x080056c0   0x080056c0   0x000000c0   Code   RO         6655    i.R3_2_RLSwitchOnPWM  r3_2_g4xx_pwm_curr_fdbk.o
    0x08005780   0x08005780   0x0000004c   Code   RO         6656    i.R3_2_RLTurnOnLowSides  r3_2_g4xx_pwm_curr_fdbk.o
    0x080057cc   0x080057cc   0x00000034   Code   RO         6657    i.R3_2_SetADCSampPointPolarization  r3_2_g4xx_pwm_curr_fdbk.o
    0x08005800   0x08005800   0x00000078   Code   RO         6658    i.R3_2_SetADCSampPointSectX  r3_2_g4xx_pwm_curr_fdbk.o
    0x08005878   0x08005878   0x000000fc   Code   RO         6659    i.R3_2_SetAOReferenceVoltage  r3_2_g4xx_pwm_curr_fdbk.o
    0x08005974   0x08005974   0x00000074   Code   RO         6660    i.R3_2_SwitchOffPWM  r3_2_g4xx_pwm_curr_fdbk.o
    0x080059e8   0x080059e8   0x000000c0   Code   RO         6661    i.R3_2_SwitchOnPWM  r3_2_g4xx_pwm_curr_fdbk.o
    0x08005aa8   0x08005aa8   0x0000008e   Code   RO         6662    i.R3_2_TIMx_UP_IRQHandler  r3_2_g4xx_pwm_curr_fdbk.o
    0x08005b36   0x08005b36   0x00000056   Code   RO         6663    i.R3_2_TurnOnLowSides  r3_2_g4xx_pwm_curr_fdbk.o
    0x08005b8c   0x08005b8c   0x00000098   Code   RO          864    i.RCM_ExecNextConv  regular_conversion_manager.o
    0x08005c24   0x08005c24   0x00000144   Code   RO          865    i.RCM_ExecRegularConv  regular_conversion_manager.o
    0x08005d68   0x08005d68   0x00000058   Code   RO          866    i.RCM_ExecUserConv  regular_conversion_manager.o
    0x08005dc0   0x08005dc0   0x00000040   Code   RO          870    i.RCM_ReadOngoingConv  regular_conversion_manager.o
    0x08005e00   0x08005e00   0x00000130   Code   RO          871    i.RCM_RegisterRegConv  regular_conversion_manager.o
    0x08005f30   0x08005f30   0x0000002c   Code   RO         6220    i.REMNG_Calc        ramp_ext_mngr.o
    0x08005f5c   0x08005f5c   0x00000082   Code   RO         6221    i.REMNG_ExecRamp    ramp_ext_mngr.o
    0x08005fde   0x08005fde   0x00000010   Code   RO         6223    i.REMNG_Init        ramp_ext_mngr.o
    0x08005fee   0x08005fee   0x0000000e   Code   RO         6224    i.REMNG_RampCompleted  ramp_ext_mngr.o
    0x08005ffc   0x08005ffc   0x00000064   Code   RO         6172    i.RVBS_CalcAvVbus   r_divider_bus_voltage_sensor.o
    0x08006060   0x08006060   0x00000018   Code   RO         6174    i.RVBS_CheckFaultState  r_divider_bus_voltage_sensor.o
    0x08006078   0x08006078   0x0000002c   Code   RO         6175    i.RVBS_Clear        r_divider_bus_voltage_sensor.o
    0x080060a4   0x080060a4   0x00000016   Code   RO         6176    i.RVBS_Init         r_divider_bus_voltage_sensor.o
    0x080060ba   0x080060ba   0x00000006   Code   RO         6281    i.SPD_GetAvrgMecSpeedUnit  speed_pos_fdbk.o
    0x080060c0   0x080060c0   0x00000006   Code   RO         6282    i.SPD_GetElAngle    speed_pos_fdbk.o
    0x080060c6   0x080060c6   0x00000006   Code   RO         6285    i.SPD_GetInstElSpeedDpp  speed_pos_fdbk.o
    0x080060cc   0x080060cc   0x00000014   Code   RO         6287    i.SPD_GetS16Speed   speed_pos_fdbk.o
    0x080060e0   0x080060e0   0x00000060   Code   RO         6288    i.SPD_IsMecSpeedReliable  speed_pos_fdbk.o
    0x08006140   0x08006140   0x0000005c   Code   RO         6358    i.STC_CalcTorqueReference  speed_torq_ctrl.o
    0x0800619c   0x0800619c   0x00000010   Code   RO         6359    i.STC_Clear         speed_torq_ctrl.o
    0x080061ac   0x080061ac   0x00000092   Code   RO         6360    i.STC_ExecRamp      speed_torq_ctrl.o
    0x0800623e   0x0800623e   0x00000010   Code   RO         6361    i.STC_ForceSpeedReferenceToCurrentSpeed  speed_torq_ctrl.o
    0x0800624e   0x0800624e   0x00000010   Code   RO         6363    i.STC_GetDefaultIqdref  speed_torq_ctrl.o
    0x0800625e   0x0800625e   0x00000004   Code   RO         6364    i.STC_GetMaxAppPositiveMecSpeedUnit  speed_torq_ctrl.o
    0x08006262   0x08006262   0x0000000c   Code   RO         6365    i.STC_GetMecSpeedRefUnit  speed_torq_ctrl.o
    0x0800626e   0x0800626e   0x00000006   Code   RO         6366    i.STC_GetMecSpeedRefUnitDefault  speed_torq_ctrl.o
    0x08006274   0x08006274   0x00000006   Code   RO         6367    i.STC_GetMinAppNegativeMecSpeedUnit  speed_torq_ctrl.o
    0x0800627a   0x0800627a   0x00000004   Code   RO         6368    i.STC_GetSpeedSensor  speed_torq_ctrl.o
    0x0800627e   0x0800627e   0x0000000c   Code   RO         6369    i.STC_GetTorqueRef  speed_torq_ctrl.o
    0x0800628a   0x0800628a   0x00000020   Code   RO         6370    i.STC_Init          speed_torq_ctrl.o
    0x080062aa   0x080062aa   0x00000008   Code   RO         6372    i.STC_SetControlMode  speed_torq_ctrl.o
    0x080062b2   0x080062b2   0x00000004   Code   RO         6374    i.STC_SetSpeedSensor  speed_torq_ctrl.o
    0x080062b6   0x080062b6   0x00000008   Code   RO         6375    i.STC_StopRamp      speed_torq_ctrl.o
    0x080062be   0x080062be   0x00000016   Code   RO         6490    i.STM_FaultAcknowledged  state_machine.o
    0x080062d4   0x080062d4   0x00000036   Code   RO         6491    i.STM_FaultProcessing  state_machine.o
    0x0800630a   0x0800630a   0x0000000a   Code   RO         6492    i.STM_GetFaultState  state_machine.o
    0x08006314   0x08006314   0x00000004   Code   RO         6493    i.STM_GetState      state_machine.o
    0x08006318   0x08006318   0x0000000a   Code   RO         6494    i.STM_Init          state_machine.o
    0x08006322   0x08006322   0x000000fe   Code   RO         6495    i.STM_NextState     state_machine.o
    0x08006420   0x08006420   0x00000028   Code   RO         1243    i.SysTick_Handler   stm32g4xx_mc_it.o
    0x08006448   0x08006448   0x000000a0   Code   RO           14    i.SystemClock_Config  main.o
    0x080064e8   0x080064e8   0x0000001c   Code   RO         5508    i.SystemInit        system_stm32g4xx.o
    0x08006504   0x08006504   0x00000044   Code   RO         1244    i.TIM1_BRK_TIM15_IRQHandler  stm32g4xx_mc_it.o
    0x08006548   0x08006548   0x00000018   Code   RO         1245    i.TIM1_UP_TIM16_IRQHandler  stm32g4xx_mc_it.o
    0x08006560   0x08006560   0x000000b4   Code   RO         4029    i.TIM_Base_SetConfig  stm32g4xx_hal_tim.o
    0x08006614   0x08006614   0x00000090   Code   RO         4041    i.TIM_OC2_SetConfig  stm32g4xx_hal_tim.o
    0x080066a4   0x080066a4   0x000000f8   Code   RO         4042    i.TIM_SlaveTimer_SetConfig  stm32g4xx_hal_tim.o
    0x0800679c   0x0800679c   0x00000014   Code   RO          733    i.TSK_ChargeBootCapDelayHasElapsedM1  mc_tasks.o
    0x080067b0   0x080067b0   0x00000020   Code   RO          734    i.TSK_HardwareFaultTask  mc_tasks.o
    0x080067d0   0x080067d0   0x00000160   Code   RO          735    i.TSK_HighFrequencyTask  mc_tasks.o
    0x08006930   0x08006930   0x000002c0   Code   RO          736    i.TSK_MediumFrequencyTaskM1  mc_tasks.o
    0x08006bf0   0x08006bf0   0x00000020   Code   RO          737    i.TSK_SafetyTask    mc_tasks.o
    0x08006c10   0x08006c10   0x00000098   Code   RO          738    i.TSK_SafetyTask_PWMOFF  mc_tasks.o
    0x08006ca8   0x08006ca8   0x0000000c   Code   RO          739    i.TSK_SetChargeBootCapDelayM1  mc_tasks.o
    0x08006cb4   0x08006cb4   0x0000000c   Code   RO          740    i.TSK_SetStopPermanencyTimeM1  mc_tasks.o
    0x08006cc0   0x08006cc0   0x00000014   Code   RO          741    i.TSK_StopPermanencyTimeHasElapsedM1  mc_tasks.o
    0x08006cd4   0x08006cd4   0x000000da   Code   RO         5069    i.UART_AdvFeatureConfig  stm32g4xx_hal_uart.o
    0x08006dae   0x08006dae   0x00000062   Code   RO         5070    i.UART_CheckIdleState  stm32g4xx_hal_uart.o
    0x08006e10   0x08006e10   0x00000280   Code   RO         5085    i.UART_SetConfig    stm32g4xx_hal_uart.o
    0x08007090   0x08007090   0x000000be   Code   RO         5090    i.UART_WaitOnFlagUntilTimeout  stm32g4xx_hal_uart.o
    0x0800714e   0x0800714e   0x00000008   Code   RO         6941    i.UFCP_AbortReceive  usart_frame_communication_protocol.o
    0x08007156   0x08007156   0x00000004   Code   RO         6942    i.UFCP_Init         usart_frame_communication_protocol.o
    0x0800715a   0x0800715a   0x00000014   Code   RO         6943    i.UFCP_OVR_IRQ_Handler  usart_frame_communication_protocol.o
    0x0800716e   0x0800716e   0x00000002   PAD
    0x08007170   0x08007170   0x000000c0   Code   RO         6944    i.UFCP_RX_IRQ_Handler  usart_frame_communication_protocol.o
    0x08007230   0x08007230   0x00000028   Code   RO         6945    i.UFCP_Receive      usart_frame_communication_protocol.o
    0x08007258   0x08007258   0x00000056   Code   RO         6946    i.UFCP_Send         usart_frame_communication_protocol.o
    0x080072ae   0x080072ae   0x00000064   Code   RO         6948    i.UFCP_TX_IRQ_Handler  usart_frame_communication_protocol.o
    0x08007312   0x08007312   0x0000000a   Code   RO         1437    i.UI_DACExec        user_interface.o
    0x0800731c   0x0800731c   0x0000000a   Code   RO         1438    i.UI_DACInit        user_interface.o
    0x08007326   0x08007326   0x00000002   PAD
    0x08007328   0x08007328   0x00000020   Code   RO         1335    i.UI_DACUpdate      ui_task.o
    0x08007348   0x08007348   0x0000006e   Code   RO         1439    i.UI_ExecCmd        user_interface.o
    0x080073b6   0x080073b6   0x00000002   PAD
    0x080073b8   0x080073b8   0x00000030   Code   RO         1440    i.UI_ExecSpeedRamp  user_interface.o
    0x080073e8   0x080073e8   0x00000014   Code   RO         1441    i.UI_ExecTorqueRamp  user_interface.o
    0x080073fc   0x080073fc   0x00000010   Code   RO         1442    i.UI_GetDAC         user_interface.o
    0x0800740c   0x0800740c   0x00000004   Code   RO         1443    i.UI_GetMPInfo      user_interface.o
    0x08007410   0x08007410   0x0000059c   Code   RO         1444    i.UI_GetReg         user_interface.o
    0x080079ac   0x080079ac   0x0000004a   Code   RO         1445    i.UI_GetRevupData   user_interface.o
    0x080079f6   0x080079f6   0x00000006   Code   RO         1446    i.UI_GetSelectedMC  user_interface.o
    0x080079fc   0x080079fc   0x00000018   Code   RO         1336    i.UI_HandleStartStopButton_cb  ui_task.o
    0x08007a14   0x08007a14   0x00000016   Code   RO         1448    i.UI_Init           user_interface.o
    0x08007a2a   0x08007a2a   0x00000002   PAD
    0x08007a2c   0x08007a2c   0x0000002c   Code   RO         1338    i.UI_Scheduler      ui_task.o
    0x08007a58   0x08007a58   0x00000012   Code   RO         1449    i.UI_SelectMC       user_interface.o
    0x08007a6a   0x08007a6a   0x00000002   PAD
    0x08007a6c   0x08007a6c   0x0000000c   Code   RO         1341    i.UI_SerialCommunicationTimeOutStart  ui_task.o
    0x08007a78   0x08007a78   0x0000000c   Code   RO         1342    i.UI_SerialCommunicationTimeOutStop  ui_task.o
    0x08007a84   0x08007a84   0x0000001a   Code   RO         1450    i.UI_SetCurrentReferences  user_interface.o
    0x08007a9e   0x08007a9e   0x0000000a   Code   RO         1451    i.UI_SetDAC         user_interface.o
    0x08007aa8   0x08007aa8   0x00000248   Code   RO         1452    i.UI_SetReg         user_interface.o
    0x08007cf0   0x08007cf0   0x00000038   Code   RO         1453    i.UI_SetRevupData   user_interface.o
    0x08007d28   0x08007d28   0x000000b0   Code   RO         1344    i.UI_TaskInit       ui_task.o
    0x08007dd8   0x08007dd8   0x00000068   Code   RO         1246    i.USART2_IRQHandler  stm32g4xx_mc_it.o
    0x08007e40   0x08007e40   0x0000000a   Code   RO         5546    i.VBS_GetAvBusVoltage_V  bus_voltage_sensor.o
    0x08007e4a   0x08007e4a   0x00000004   Code   RO         5547    i.VBS_GetAvBusVoltage_d  bus_voltage_sensor.o
    0x08007e4e   0x08007e4e   0x0000009c   Code   RO         6544    i.VSS_CalcAvrgMecSpeedUnit  virtual_speed_sensor.o
    0x08007eea   0x08007eea   0x0000009e   Code   RO         6545    i.VSS_CalcElAngle   virtual_speed_sensor.o
    0x08007f88   0x08007f88   0x0000002c   Code   RO         6546    i.VSS_Clear         virtual_speed_sensor.o
    0x08007fb4   0x08007fb4   0x00000008   Code   RO         6548    i.VSS_Init          virtual_speed_sensor.o
    0x08007fbc   0x08007fbc   0x00000008   Code   RO         6551    i.VSS_SetCopyObserver  virtual_speed_sensor.o
    0x08007fc4   0x08007fc4   0x0000007c   Code   RO         6553    i.VSS_SetMecAcceleration  virtual_speed_sensor.o
    0x08008040   0x08008040   0x0000000e   Code   RO         6554    i.VSS_SetMecAngle   virtual_speed_sensor.o
    0x0800804e   0x0800804e   0x0000001c   Code   RO         6555    i.VSS_SetStartTransition  virtual_speed_sensor.o
    0x0800806a   0x0800806a   0x00000006   Code   RO         6556    i.VSS_TransitionEnded  virtual_speed_sensor.o
    0x08008070   0x08008070   0x0000000e   Code   RO         7064    i.__scatterload_copy  mc_w.l(handlers.o)
    0x0800807e   0x0800807e   0x00000002   Code   RO         7065    i.__scatterload_null  mc_w.l(handlers.o)
    0x08008080   0x08008080   0x0000000e   Code   RO         7066    i.__scatterload_zeroinit  mc_w.l(handlers.o)
    0x0800808e   0x0800808e   0x00000002   PAD
    0x08008090   0x08008090   0x00000028   Code   RO         6226    i.getScalingFactor  ramp_ext_mngr.o
    0x080080b8   0x080080b8   0x00000520   Code   RO           15    i.main              main.o
    0x080085d8   0x080085d8   0x00000114   Code   RO          742    i.mc_lock_pins      mc_tasks.o
    0x080086ec   0x080086ec   0x0000006c   Code   RO         6136    i.startTimers       pwm_common.o
    0x08008758   0x08008758   0x00000060   Code   RO         6137    i.waitForPolarizationEnd  pwm_common.o
    0x080087b8   0x080087b8   0x00000020   Data   RO          356    .constdata          motorcontrol.o
    0x080087d8   0x080087d8   0x00000002   Data   RO          744    .constdata          mc_tasks.o
    0x080087da   0x080087da   0x00000002   PAD
    0x080087dc   0x080087dc   0x000000c4   Data   RO         1310    .constdata          mc_parameters.o
    0x080088a0   0x080088a0   0x00000018   Data   RO         5091    .constdata          stm32g4xx_hal_uart.o
    0x080088b8   0x080088b8   0x00000010   Data   RO         5509    .constdata          system_stm32g4xx.o
    0x080088c8   0x080088c8   0x00000008   Data   RO         5510    .constdata          system_stm32g4xx.o
    0x080088d0   0x080088d0   0x00000014   Data   RO         6665    .constdata          r3_2_g4xx_pwm_curr_fdbk.o
    0x080088e4   0x080088e4   0x00000006   Data   RO         6949    .constdata          usart_frame_communication_protocol.o
    0x080088ea   0x080088ea   0x00000002   PAD
    0x080088ec   0x080088ec   0x00000020   Data   RO         7062    Region$$Table       anon$$obj.o


    Execution Region RW_IRAM1 (Exec base: 0x20000000, Load base: 0x0800890c, Size: 0x00000f18, Max: 0x00008000, ABSOLUTE, COMPRESSED[0x000001f4])

    Exec Addr    Load Addr    Size         Type   Attr      Idx    E Section Name        Object

    0x20000000   COMPRESSED   0x0000000c   Data   RW          357    .data               motorcontrol.o
    0x2000000c   COMPRESSED   0x00000008   Data   RW          612    .data               motor_control_protocol.o
    0x20000014   COMPRESSED   0x00000114   Data   RW          679    .data               mc_config.o
    0x20000128   COMPRESSED   0x0000002c   Data   RW          681    .data               mc_config.o
    0x20000154   COMPRESSED   0x0000002c   Data   RW          682    .data               mc_config.o
    0x20000180   COMPRESSED   0x0000002c   Data   RW          683    .data               mc_config.o
    0x200001ac   COMPRESSED   0x00000034   Data   RW          684    .data               mc_config.o
    0x200001e0   COMPRESSED   0x00000078   Data   RW          685    .data               mc_config.o
    0x20000258   COMPRESSED   0x0000007c   Data   RW          686    .data               mc_config.o
    0x200002d4   COMPRESSED   0x00000038   Data   RW          687    .data               mc_config.o
    0x2000030c   COMPRESSED   0x00000128   Data   RW          688    .data               mc_config.o
    0x20000434   COMPRESSED   0x00000014   Data   RW          690    .data               mc_config.o
    0x20000448   COMPRESSED   0x00000028   Data   RW          691    .data               mc_config.o
    0x20000470   COMPRESSED   0x00000028   Data   RW          692    .data               mc_config.o
    0x20000498   COMPRESSED   0x00000030   Data   RW          693    .data               mc_config.o
    0x200004c8   COMPRESSED   0x0000003c   Data   RW          694    .data               mc_config.o
    0x20000504   COMPRESSED   0x00000018   Data   RW          695    .data               mc_config.o
    0x2000051c   COMPRESSED   0x000000b4   Data   RW          696    .data               mc_config.o
    0x200005d0   COMPRESSED   0x0000013c   Data   RW          697    .data               mc_config.o
    0x2000070c   COMPRESSED   0x0000003a   Data   RW          745    .data               mc_tasks.o
    0x20000746   COMPRESSED   0x00000006   Data   RW          875    .data               regular_conversion_manager.o
    0x2000074c   COMPRESSED   0x00000001   Data   RW         1247    .data               stm32g4xx_mc_it.o
    0x2000074d   COMPRESSED   0x00000003   PAD
    0x20000750   COMPRESSED   0x00000010   Data   RW         1346    .data               ui_task.o
    0x20000760   COMPRESSED   0x00000004   Data   RW         1629    .data               stm32g4xx_hal_msp.o
    0x20000764   COMPRESSED   0x0000000c   Data   RW         2131    .data               stm32g4xx_hal.o
    0x20000770   COMPRESSED   0x00000004   Data   RW         5511    .data               system_stm32g4xx.o
    0x20000774        -       0x000001ec   Zero   RW           16    .bss                main.o
    0x20000960        -       0x0000000c   Zero   RW          678    .bss                mc_config.o
    0x2000096c        -       0x00000098   Zero   RW          743    .bss                mc_tasks.o
    0x20000a04        -       0x00000048   Zero   RW          874    .bss                regular_conversion_manager.o
    0x20000a4c        -       0x000000cc   Zero   RW         1345    .bss                ui_task.o
    0x20000b18        -       0x00000400   Zero   RW            1    STACK               startup_stm32g431xx.o


==============================================================================

Image component sizes


      Code (inc. data)   RO Data    RW Data    ZI Data      Debug   Object Name

        14          0          0          0          0       1672   bus_voltage_sensor.o
        86          0          0          0          0       1352   circle_limitation.o
        34          0          0          0          0       3134   dac_common_ui.o
        68         14          0          0          0      17178   dac_ui.o
         0          0          0          0          0       4204   digital_output.o
       102          0          0          0          0       2653   frame_communication_protocol.o
      1472         84          0          0        492     735676   main.o
        56         18          0          0          0       1972   mc_api.o
         0          0          0       1784         12       1721   mc_config.o
       418          0          0          0          0      14122   mc_interface.o
       286         22          0          0          0       8540   mc_math.o
         0          0        196          0          0        220   mc_parameters.o
      2310        298          2         58        152      18322   mc_tasks.o
      1914        644          0          8          0       6500   motor_control_protocol.o
       102          0          0          0          0       2498   motor_power_measurement.o
        56          8         32         12          0       1291   motorcontrol.o
       164          0          0          0          0       3830   ntc_temperature_sensor.o
       190          6          0          0          0       7573   pid_regulator.o
        96          6          0          0          0       1219   pqd_motor_power_measurement.o
       204          8          0          0          0      52235   pwm_common.o
       582          0          0          0          0       5872   pwm_curr_fdbk.o
      3946        144         20          0          0     175375   r3_2_g4xx_pwm_curr_fdbk.o
       190          0          0          0          0       3510   r_divider_bus_voltage_sensor.o
       244          0          0          0          0       4356   ramp_ext_mngr.o
       932         82          0          6         72      71589   regular_conversion_manager.o
       134          0          0          0          0       3982   speed_pos_fdbk.o
       382          0          0          0          0      10685   speed_torq_ctrl.o
        36          8        472          0       1024        836   startup_stm32g431xx.o
       354         22          0          0          0       4776   state_machine.o
       166         26          0         12          0       4313   stm32g4xx_hal.o
      1804         58          0          0          0      71419   stm32g4xx_hal_adc.o
      1740         48          0          0          0      70933   stm32g4xx_hal_adc_ex.o
        52          0          0          0          0       1230   stm32g4xx_hal_cordic.o
       220         16          0          0          0      34483   stm32g4xx_hal_cortex.o
       512         10          0          0          0       2559   stm32g4xx_hal_dac.o
       586         20          0          0          0       2372   stm32g4xx_hal_gpio.o
       764         48          0          4          0       5655   stm32g4xx_hal_msp.o
       208         16          0          0          0       1421   stm32g4xx_hal_pwr_ex.o
      1958         94          0          0          0       7130   stm32g4xx_hal_rcc.o
       708          8          0          0          0       1872   stm32g4xx_hal_rcc_ex.o
      1724         60          0          0          0       9609   stm32g4xx_hal_tim.o
       560         18          0          0          0       3613   stm32g4xx_hal_tim_ex.o
      1256         44         24          0          0      24038   stm32g4xx_hal_uart.o
       590         38          0          0          0       4505   stm32g4xx_hal_uart_ex.o
       390         44          0          1          0      74880   stm32g4xx_mc_it.o
        28          8         24          4          0       1131   system_stm32g4xx.o
       300         48          0         16        204       4101   ui_task.o
       450         14          6          0          0      31598   usart_frame_communication_protocol.o
      2450        114          0          0          0      17662   user_interface.o
       546          0          0          0          0       7204   virtual_speed_sensor.o

    ----------------------------------------------------------------------
     31426       2096        812       1908       1956    1548621   Object Totals
         0          0         32          0          0          0   (incl. Generated)
        42          0          4          3          0          0   (incl. Padding)

    ----------------------------------------------------------------------

      Code (inc. data)   RO Data    RW Data    ZI Data      Debug   Library Member Name

       994          0          0          0          0        520   revup_ctrl.o
      1478          4          0          0          0        800   sto_pll_speed_pos_fdbk.o
        86          0          0          0          0          0   __dczerorl2.o
         0          0          0          0          0          0   entry.o
         0          0          0          0          0          0   entry10a.o
         0          0          0          0          0          0   entry11a.o
         8          4          0          0          0          0   entry2.o
         4          0          0          0          0          0   entry5.o
         0          0          0          0          0          0   entry7b.o
         0          0          0          0          0          0   entry8b.o
         8          4          0          0          0          0   entry9a.o
        30          0          0          0          0          0   handlers.o
        36          8          0          0          0         68   init.o
        30          0          0          0          0         68   llshl.o
        32          0          0          0          0         68   llushr.o
        36          0          0          0          0        108   memseta.o
        98          0          0          0          0         92   uldiv.o

    ----------------------------------------------------------------------
      2846         20          0          0          0       1724   Library Totals
         6          0          0          0          0          0   (incl. Padding)

    ----------------------------------------------------------------------

      Code (inc. data)   RO Data    RW Data    ZI Data      Debug   Library Name

      2472          4          0          0          0       1320   libmc-keil_M4.lib
       368         16          0          0          0        404   mc_w.l

    ----------------------------------------------------------------------
      2846         20          0          0          0       1724   Library Totals

    ----------------------------------------------------------------------

==============================================================================


      Code (inc. data)   RO Data    RW Data    ZI Data      Debug   

     34272       2116        812       1908       1956    1524225   Grand Totals
     34272       2116        812        500       1956    1524225   ELF Image Totals (compressed)
     34272       2116        812        500          0          0   ROM Totals

==============================================================================

    Total RO  Size (Code + RO Data)                35084 (  34.26kB)
    Total RW  Size (RW Data + ZI Data)              3864 (   3.77kB)
    Total ROM Size (Code + RO Data + RW Data)      35584 (  34.75kB)

==============================================================================

