<html>
<body>
<pre>
<h1>µVision Build Log</h1>
<h2>Tool Versions:</h2>
IDE-Version: ¦ÌVision V5.28.0.0
Copyright (C) 2019 ARM Ltd and ARM Germany GmbH. All rights reserved.
License Information: ANKE ANKE, ANKE, LIC=X9663-AQ6M1-IHR8E-53SVX-QA6NQ-DRD0W
 
Tool Versions:
Toolchain:       MDK-ARM Plus  Version: 5.28.0.0
Toolchain Path:  D:\keil\ARM\ARMCC\Bin
C Compiler:      Armcc.exe V5.06 update 6 (build 750)
Assembler:       Armasm.exe V5.06 update 6 (build 750)
Linker/Locator:  ArmLink.exe V5.06 update 6 (build 750)
Library Manager: ArmAr.exe V5.06 update 6 (build 750)
Hex Converter:   FromElf.exe V5.06 update 6 (build 750)
CPU DLL:         SARMCM3.DLL V5.28.0.0
Dialog DLL:      DCM.DLL V1.17.3.0
Target DLL:      STLink\ST-LINKIII-KEIL_SWO.dll V3.0.6.0
Dialog DLL:      TCM.DLL V1.36.2.0
 
<h2>Project:</h2>
C:\Users\ANKE\Desktop\FOC\qianqiang\MDK-ARM\qianqiang.uvprojx
Project File Date:  10/23/2021

<h2>Output:</h2>
*** Using Compiler 'V5.06 update 6 (build 750)', folder: 'D:\keil\ARM\ARMCC\Bin'
Rebuild target 'qianqiang'
assembling startup_stm32g431xx.s...
compiling stm32g4xx_it.c...
compiling stm32g4xx_hal_msp.c...
compiling mc_api.c...
compiling stm32g4xx_ll_adc.c...
compiling mc_interface.c...
compiling mc_math.c...
compiling dac_ui.c...
compiling main.c...
compiling motor_control_protocol.c...
compiling stm32g4xx_mc_it.c...
compiling mc_config.c...
compiling motorcontrol.c...
compiling regular_conversion_manager.c...
compiling ui_task.c...
compiling user_interface.c...
compiling mc_parameters.c...
compiling mc_tasks.c...
compiling stm32g4xx_hal_adc_ex.c...
compiling stm32g4xx_hal_adc.c...
compiling stm32g4xx_hal.c...
compiling stm32g4xx_hal_flash.c...
compiling stm32g4xx_hal_flash_ramfunc.c...
compiling stm32g4xx_hal_flash_ex.c...
compiling stm32g4xx_hal_dma_ex.c...
compiling stm32g4xx_hal_cortex.c...
compiling stm32g4xx_hal_exti.c...
compiling stm32g4xx_hal_cordic.c...
compiling stm32g4xx_hal_gpio.c...
compiling stm32g4xx_hal_rcc.c...
compiling stm32g4xx_hal_dma.c...
compiling stm32g4xx_hal_dac.c...
compiling stm32g4xx_hal_pwr.c...
compiling stm32g4xx_hal_rcc_ex.c...
compiling stm32g4xx_hal_pwr_ex.c...
compiling stm32g4xx_hal_dac_ex.c...
compiling stm32g4xx_hal_uart_ex.c...
compiling stm32g4xx_hal_tim_ex.c...
compiling stm32g4xx_hal_uart.c...
compiling system_stm32g4xx.c...
compiling stm32g4xx_hal_tim.c...
compiling bus_voltage_sensor.c...
compiling motor_power_measurement.c...
compiling open_loop.c...
compiling circle_limitation.c...
compiling digital_output.c...
compiling ntc_temperature_sensor.c...
compiling pqd_motor_power_measurement.c...
compiling pid_regulator.c...
compiling pwm_common.c...
compiling pwm_curr_fdbk.c...
compiling r_divider_bus_voltage_sensor.c...
compiling ramp_ext_mngr.c...
compiling speed_pos_fdbk.c...
compiling state_machine.c...
compiling speed_torq_ctrl.c...
compiling virtual_speed_sensor.c...
compiling usart_frame_communication_protocol.c...
compiling ui_irq_handler.c...
compiling r3_2_g4xx_pwm_curr_fdbk.c...
compiling frame_communication_protocol.c...
compiling dac_common_ui.c...
linking...
Program Size: Code=34272 RO-data=812 RW-data=1908 ZI-data=1956  
FromELF: creating hex file...
"qianqiang\qianqiang.axf" - 0 Error(s), 0 Warning(s).

<h2>Software Packages used:</h2>

Package Vendor: ARM
                http://www.keil.com/pack/ARM.CMSIS.5.5.1.pack
                ARM.CMSIS.5.5.1
                CMSIS (Cortex Microcontroller Software Interface Standard)
   * Component: CORE Version: 5.2.0

Package Vendor: Keil
                http://www.keil.com/pack/Keil.STM32G4xx_DFP.1.4.0.pack
                Keil.STM32G4xx_DFP.1.4.0
                STMicroelectronics STM32G4 Series Device Support, Drivers and Examples

<h2>Collection of Component include folders:</h2>
  .\RTE\_qianqiang
  D:\keil\ARM\CMSIS\5.5.1\CMSIS\Core\Include
  D:\keil\Keil\STM32G4xx_DFP\1.4.0\Drivers\CMSIS\Device\ST\STM32G4xx\Include

<h2>Collection of Component Files used:</h2>

   * Component: ARM::CMSIS:CORE:5.2.0
Build Time Elapsed:  00:01:36
</pre>
</body>
</html>
